<?xml version="1.0" encoding="ISO-8859-1" ?>
<link_info>
   <banner>TI ARM Linker PC v18.1.1.LTS</banner>
   <copyright>Copyright (c) 1996-2017 Texas Instruments Incorporated</copyright>
   <link_time>0x5bade79d</link_time>
   <link_errors>0x0</link_errors>
   <output_file>Final_RTOS.out</output_file>
   <entry_point>
      <name>_c_int00</name>
      <address>0x117e4</address>
   </entry_point>
   <input_file_list>
      <input_file id="fl-2">
         <path>.\source\</path>
         <kind>object</kind>
         <file>HL_adc.obj</file>
         <name>HL_adc.obj</name>
      </input_file>
      <input_file id="fl-3">
         <path>.\source\</path>
         <kind>object</kind>
         <file>HL_can.obj</file>
         <name>HL_can.obj</name>
      </input_file>
      <input_file id="fl-4">
         <path>.\source\</path>
         <kind>object</kind>
         <file>HL_epc.obj</file>
         <name>HL_epc.obj</name>
      </input_file>
      <input_file id="fl-5">
         <path>.\source\</path>
         <kind>object</kind>
         <file>HL_errata.obj</file>
         <name>HL_errata.obj</name>
      </input_file>
      <input_file id="fl-6">
         <path>.\source\</path>
         <kind>object</kind>
         <file>HL_esm.obj</file>
         <name>HL_esm.obj</name>
      </input_file>
      <input_file id="fl-7">
         <path>.\source\</path>
         <kind>object</kind>
         <file>HL_etpwm.obj</file>
         <name>HL_etpwm.obj</name>
      </input_file>
      <input_file id="fl-8">
         <path>.\source\</path>
         <kind>object</kind>
         <file>HL_gio.obj</file>
         <name>HL_gio.obj</name>
      </input_file>
      <input_file id="fl-9">
         <path>.\source\</path>
         <kind>object</kind>
         <file>HL_nmpu.obj</file>
         <name>HL_nmpu.obj</name>
      </input_file>
      <input_file id="fl-a">
         <path>.\source\</path>
         <kind>object</kind>
         <file>HL_notification.obj</file>
         <name>HL_notification.obj</name>
      </input_file>
      <input_file id="fl-b">
         <path>.\source\</path>
         <kind>object</kind>
         <file>HL_pinmux.obj</file>
         <name>HL_pinmux.obj</name>
      </input_file>
      <input_file id="fl-c">
         <path>.\source\</path>
         <kind>object</kind>
         <file>HL_sci.obj</file>
         <name>HL_sci.obj</name>
      </input_file>
      <input_file id="fl-d">
         <path>.\source\</path>
         <kind>object</kind>
         <file>HL_sys_core.obj</file>
         <name>HL_sys_core.obj</name>
      </input_file>
      <input_file id="fl-e">
         <path>.\source\</path>
         <kind>object</kind>
         <file>HL_sys_dma.obj</file>
         <name>HL_sys_dma.obj</name>
      </input_file>
      <input_file id="fl-f">
         <path>.\source\</path>
         <kind>object</kind>
         <file>HL_sys_intvecs.obj</file>
         <name>HL_sys_intvecs.obj</name>
      </input_file>
      <input_file id="fl-10">
         <path>.\source\</path>
         <kind>object</kind>
         <file>HL_sys_main.obj</file>
         <name>HL_sys_main.obj</name>
      </input_file>
      <input_file id="fl-11">
         <path>.\source\</path>
         <kind>object</kind>
         <file>HL_sys_mpu.obj</file>
         <name>HL_sys_mpu.obj</name>
      </input_file>
      <input_file id="fl-12">
         <path>.\source\</path>
         <kind>object</kind>
         <file>HL_sys_pcr.obj</file>
         <name>HL_sys_pcr.obj</name>
      </input_file>
      <input_file id="fl-13">
         <path>.\source\</path>
         <kind>object</kind>
         <file>HL_sys_phantom.obj</file>
         <name>HL_sys_phantom.obj</name>
      </input_file>
      <input_file id="fl-14">
         <path>.\source\</path>
         <kind>object</kind>
         <file>HL_sys_pmm.obj</file>
         <name>HL_sys_pmm.obj</name>
      </input_file>
      <input_file id="fl-15">
         <path>.\source\</path>
         <kind>object</kind>
         <file>HL_sys_pmu.obj</file>
         <name>HL_sys_pmu.obj</name>
      </input_file>
      <input_file id="fl-16">
         <path>.\source\</path>
         <kind>object</kind>
         <file>HL_sys_startup.obj</file>
         <name>HL_sys_startup.obj</name>
      </input_file>
      <input_file id="fl-17">
         <path>.\source\</path>
         <kind>object</kind>
         <file>HL_sys_vim.obj</file>
         <name>HL_sys_vim.obj</name>
      </input_file>
      <input_file id="fl-18">
         <path>.\source\</path>
         <kind>object</kind>
         <file>HL_system.obj</file>
         <name>HL_system.obj</name>
      </input_file>
      <input_file id="fl-19">
         <path>.\source\</path>
         <kind>object</kind>
         <file>os_croutine.obj</file>
         <name>os_croutine.obj</name>
      </input_file>
      <input_file id="fl-1a">
         <path>.\source\</path>
         <kind>object</kind>
         <file>os_event_groups.obj</file>
         <name>os_event_groups.obj</name>
      </input_file>
      <input_file id="fl-1b">
         <path>.\source\</path>
         <kind>object</kind>
         <file>os_heap.obj</file>
         <name>os_heap.obj</name>
      </input_file>
      <input_file id="fl-1c">
         <path>.\source\</path>
         <kind>object</kind>
         <file>os_list.obj</file>
         <name>os_list.obj</name>
      </input_file>
      <input_file id="fl-1d">
         <path>.\source\</path>
         <kind>object</kind>
         <file>os_mpu_wrappers.obj</file>
         <name>os_mpu_wrappers.obj</name>
      </input_file>
      <input_file id="fl-1e">
         <path>.\source\</path>
         <kind>object</kind>
         <file>os_port.obj</file>
         <name>os_port.obj</name>
      </input_file>
      <input_file id="fl-1f">
         <path>.\source\</path>
         <kind>object</kind>
         <file>os_portasm.obj</file>
         <name>os_portasm.obj</name>
      </input_file>
      <input_file id="fl-20">
         <path>.\source\</path>
         <kind>object</kind>
         <file>os_queue.obj</file>
         <name>os_queue.obj</name>
      </input_file>
      <input_file id="fl-21">
         <path>.\source\</path>
         <kind>object</kind>
         <file>os_tasks.obj</file>
         <name>os_tasks.obj</name>
      </input_file>
      <input_file id="fl-22">
         <path>.\source\</path>
         <kind>object</kind>
         <file>os_timer.obj</file>
         <name>os_timer.obj</name>
      </input_file>
      <input_file id="fl-26">
         <kind>object</kind>
         <file>&lt;internal&gt;</file>
         <name>&lt;internal&gt;</name>
      </input_file>
      <input_file id="fl-dc">
         <path>C:\ti\ccsv8\tools\compiler\ti-cgt-arm_18.1.1.LTS\lib\</path>
         <kind>archive</kind>
         <file>rtsv7R4_A_be_v3D16_eabi.lib</file>
         <name>s_floor.c.obj</name>
      </input_file>
      <input_file id="fl-dd">
         <path>C:\ti\ccsv8\tools\compiler\ti-cgt-arm_18.1.1.LTS\lib\</path>
         <kind>archive</kind>
         <file>rtsv7R4_A_be_v3D16_eabi.lib</file>
         <name>memcpy32.asm.obj</name>
      </input_file>
      <input_file id="fl-de">
         <path>C:\ti\ccsv8\tools\compiler\ti-cgt-arm_18.1.1.LTS\lib\</path>
         <kind>archive</kind>
         <file>rtsv7R4_A_be_v3D16_eabi.lib</file>
         <name>memset32.asm.obj</name>
      </input_file>
      <input_file id="fl-df">
         <path>C:\ti\ccsv8\tools\compiler\ti-cgt-arm_18.1.1.LTS\lib\</path>
         <kind>archive</kind>
         <file>rtsv7R4_A_be_v3D16_eabi.lib</file>
         <name>autoinit.c.obj</name>
      </input_file>
      <input_file id="fl-e0">
         <path>C:\ti\ccsv8\tools\compiler\ti-cgt-arm_18.1.1.LTS\lib\</path>
         <kind>archive</kind>
         <file>rtsv7R4_A_be_v3D16_eabi.lib</file>
         <name>cpy_tbl.c.obj</name>
      </input_file>
      <input_file id="fl-e1">
         <path>C:\ti\ccsv8\tools\compiler\ti-cgt-arm_18.1.1.LTS\lib\</path>
         <kind>archive</kind>
         <file>rtsv7R4_A_be_v3D16_eabi.lib</file>
         <name>copy_zero_init.c.obj</name>
      </input_file>
      <input_file id="fl-e2">
         <path>C:\ti\ccsv8\tools\compiler\ti-cgt-arm_18.1.1.LTS\lib\</path>
         <kind>archive</kind>
         <file>rtsv7R4_A_be_v3D16_eabi.lib</file>
         <name>copy_decompress_none.c.obj</name>
      </input_file>
      <input_file id="fl-e3">
         <path>C:\ti\ccsv8\tools\compiler\ti-cgt-arm_18.1.1.LTS\lib\</path>
         <kind>archive</kind>
         <file>rtsv7R4_A_be_v3D16_eabi.lib</file>
         <name>copy_decompress_lzss.c.obj</name>
      </input_file>
      <input_file id="fl-e4">
         <path>C:\ti\ccsv8\tools\compiler\ti-cgt-arm_18.1.1.LTS\lib\</path>
         <kind>archive</kind>
         <file>rtsv7R4_A_be_v3D16_eabi.lib</file>
         <name>exit.c.obj</name>
      </input_file>
      <input_file id="fl-e5">
         <path>C:\ti\ccsv8\tools\compiler\ti-cgt-arm_18.1.1.LTS\lib\</path>
         <kind>archive</kind>
         <file>rtsv7R4_A_be_v3D16_eabi.lib</file>
         <name>_lock.c.obj</name>
      </input_file>
      <input_file id="fl-e6">
         <path>C:\ti\ccsv8\tools\compiler\ti-cgt-arm_18.1.1.LTS\lib\</path>
         <kind>archive</kind>
         <file>rtsv7R4_A_be_v3D16_eabi.lib</file>
         <name>strlen.c.obj</name>
      </input_file>
   </input_file_list>
   <object_component_list>
      <object_component id="oc-30">
         <name>.intvecs</name>
         <load_address>0x0</load_address>
         <run_address>0x0</run_address>
         <size>0x20</size>
         <input_file_ref idref="fl-f"/>
      </object_component>
      <object_component id="oc-138">
         <name>.kernelTEXT</name>
         <load_address>0x20</load_address>
         <run_address>0x20</run_address>
         <size>0x2bdc</size>
         <input_file_ref idref="fl-21"/>
      </object_component>
      <object_component id="oc-210">
         <name>.kernelTEXT</name>
         <load_address>0x2bfc</load_address>
         <run_address>0x2bfc</run_address>
         <size>0x11dc</size>
         <input_file_ref idref="fl-20"/>
      </object_component>
      <object_component id="oc-216">
         <name>.kernelTEXT</name>
         <load_address>0x3dd8</load_address>
         <run_address>0x3dd8</run_address>
         <size>0x81c</size>
         <input_file_ref idref="fl-1a"/>
      </object_component>
      <object_component id="oc-8f">
         <name>.kernelTEXT</name>
         <load_address>0x45f4</load_address>
         <run_address>0x45f4</run_address>
         <size>0x4b0</size>
         <input_file_ref idref="fl-1f"/>
      </object_component>
      <object_component id="oc-243">
         <name>.kernelTEXT</name>
         <load_address>0x4aa4</load_address>
         <run_address>0x4aa4</run_address>
         <size>0x3dc</size>
         <input_file_ref idref="fl-1e"/>
      </object_component>
      <object_component id="oc-237">
         <name>.kernelTEXT</name>
         <load_address>0x4e80</load_address>
         <run_address>0x4e80</run_address>
         <size>0x380</size>
         <input_file_ref idref="fl-1b"/>
      </object_component>
      <object_component id="oc-368">
         <name>.cinit..data.load</name>
         <load_address>0x5200</load_address>
         <run_address>0x5200</run_address>
         <size>0xf</size>
      </object_component>
      <object_component id="oc-363">
         <name>__TI_handler_table</name>
         <load_address>0x5210</load_address>
         <run_address>0x5210</run_address>
         <size>0xc</size>
      </object_component>
      <object_component id="oc-365">
         <name>.cinit..kernelBSS.load</name>
         <load_address>0x521c</load_address>
         <run_address>0x521c</run_address>
         <size>0x9</size>
      </object_component>
      <object_component id="oc-367">
         <name>.cinit..bss.load</name>
         <load_address>0x5228</load_address>
         <run_address>0x5228</run_address>
         <size>0x8</size>
      </object_component>
      <object_component id="oc-366">
         <name>.cinit..kernelHEAP.load</name>
         <load_address>0x5230</load_address>
         <run_address>0x5230</run_address>
         <size>0x8</size>
      </object_component>
      <object_component id="oc-364">
         <name>__TI_cinit_table</name>
         <load_address>0x5238</load_address>
         <run_address>0x5238</run_address>
         <size>0x20</size>
      </object_component>
      <object_component id="oc-126">
         <name>.text</name>
         <load_address>0x8020</load_address>
         <run_address>0x8020</run_address>
         <size>0x2264</size>
         <input_file_ref idref="fl-7"/>
      </object_component>
      <object_component id="oc-87">
         <name>.text</name>
         <load_address>0xa284</load_address>
         <run_address>0xa284</run_address>
         <size>0xcb4</size>
         <input_file_ref idref="fl-10"/>
      </object_component>
      <object_component id="oc-12c">
         <name>.text</name>
         <load_address>0xaf38</load_address>
         <run_address>0xaf38</run_address>
         <size>0xaec</size>
         <input_file_ref idref="fl-2"/>
      </object_component>
      <object_component id="oc-120">
         <name>.text</name>
         <load_address>0xba24</load_address>
         <run_address>0xba24</run_address>
         <size>0xaa4</size>
         <input_file_ref idref="fl-3"/>
      </object_component>
      <object_component id="oc-cf">
         <name>.text</name>
         <load_address>0xc4c8</load_address>
         <run_address>0xc4c8</run_address>
         <size>0x9d8</size>
         <input_file_ref idref="fl-b"/>
      </object_component>
      <object_component id="oc-132">
         <name>.text</name>
         <load_address>0xcea0</load_address>
         <run_address>0xcea0</run_address>
         <size>0x9a0</size>
         <input_file_ref idref="fl-1d"/>
      </object_component>
      <object_component id="oc-75">
         <name>.text</name>
         <load_address>0xd840</load_address>
         <run_address>0xd840</run_address>
         <size>0x95c</size>
         <input_file_ref idref="fl-18"/>
      </object_component>
      <object_component id="oc-3f">
         <name>.text</name>
         <load_address>0xe19c</load_address>
         <run_address>0xe19c</run_address>
         <size>0x940</size>
         <input_file_ref idref="fl-17"/>
      </object_component>
      <object_component id="oc-114">
         <name>.text</name>
         <load_address>0xeadc</load_address>
         <run_address>0xeadc</run_address>
         <size>0x870</size>
         <input_file_ref idref="fl-c"/>
      </object_component>
      <object_component id="oc-7b">
         <name>.text</name>
         <load_address>0xf34c</load_address>
         <run_address>0xf34c</run_address>
         <size>0x78c</size>
         <input_file_ref idref="fl-6"/>
      </object_component>
      <object_component id="oc-11a">
         <name>.text</name>
         <load_address>0xfad8</load_address>
         <run_address>0xfad8</run_address>
         <size>0x484</size>
         <input_file_ref idref="fl-8"/>
      </object_component>
      <object_component id="oc-6a">
         <name>.text</name>
         <load_address>0xff5c</load_address>
         <run_address>0xff5c</run_address>
         <size>0x3c4</size>
         <input_file_ref idref="fl-d"/>
      </object_component>
      <object_component id="oc-81">
         <name>.text</name>
         <load_address>0x10320</load_address>
         <run_address>0x10320</run_address>
         <size>0x36c</size>
         <input_file_ref idref="fl-11"/>
      </object_component>
      <object_component id="oc-3b">
         <name>.text:retain</name>
         <load_address>0x1068c</load_address>
         <run_address>0x1068c</run_address>
         <size>0x33c</size>
         <input_file_ref idref="fl-17"/>
      </object_component>
      <object_component id="oc-2ce">
         <name>.text</name>
         <load_address>0x109c8</load_address>
         <run_address>0x109c8</run_address>
         <size>0x278</size>
         <input_file_ref idref="fl-1b"/>
      </object_component>
      <object_component id="oc-23d">
         <name>.text</name>
         <load_address>0x10c40</load_address>
         <run_address>0x10c40</run_address>
         <size>0x238</size>
         <input_file_ref idref="fl-1c"/>
      </object_component>
      <object_component id="oc-21">
         <name>.text:retain</name>
         <load_address>0x10e78</load_address>
         <run_address>0x10e78</run_address>
         <size>0x19c</size>
         <input_file_ref idref="fl-3"/>
      </object_component>
      <object_component id="oc-52">
         <name>.text</name>
         <load_address>0x11014</load_address>
         <run_address>0x11014</run_address>
         <size>0x180</size>
         <input_file_ref idref="fl-dd"/>
      </object_component>
      <object_component id="oc-2a">
         <name>.text:retain</name>
         <load_address>0x11194</load_address>
         <run_address>0x11194</run_address>
         <size>0x178</size>
         <input_file_ref idref="fl-6"/>
      </object_component>
      <object_component id="oc-20a">
         <name>.text</name>
         <load_address>0x1130c</load_address>
         <run_address>0x1130c</run_address>
         <size>0x164</size>
         <input_file_ref idref="fl-21"/>
      </object_component>
      <object_component id="oc-1e5">
         <name>.text:floor</name>
         <load_address>0x11470</load_address>
         <run_address>0x11470</run_address>
         <size>0x13c</size>
         <input_file_ref idref="fl-dc"/>
      </object_component>
      <object_component id="oc-2de">
         <name>.text</name>
         <load_address>0x115ac</load_address>
         <run_address>0x115ac</run_address>
         <size>0x13c</size>
         <input_file_ref idref="fl-1e"/>
      </object_component>
      <object_component id="oc-6f">
         <name>.text</name>
         <load_address>0x116e8</load_address>
         <run_address>0x116e8</run_address>
         <size>0xfc</size>
         <input_file_ref idref="fl-a"/>
      </object_component>
      <object_component id="oc-1b">
         <name>.text:retain</name>
         <load_address>0x117e4</load_address>
         <run_address>0x117e4</run_address>
         <size>0xb4</size>
         <input_file_ref idref="fl-16"/>
      </object_component>
      <object_component id="oc-c1">
         <name>.text</name>
         <load_address>0x11898</load_address>
         <run_address>0x11898</run_address>
         <size>0xb0</size>
         <input_file_ref idref="fl-de"/>
      </object_component>
      <object_component id="oc-e">
         <name>.text:decompress:lzss:__TI_decompress_lzss</name>
         <load_address>0x11948</load_address>
         <run_address>0x11948</run_address>
         <size>0x90</size>
         <input_file_ref idref="fl-e3"/>
      </object_component>
      <object_component id="oc-e4">
         <name>.text:__TI_auto_init_nobinit_nopinit:__TI_auto_init_nobinit_nopinit</name>
         <load_address>0x119d8</load_address>
         <run_address>0x119d8</run_address>
         <size>0x68</size>
         <input_file_ref idref="fl-df"/>
      </object_component>
      <object_component id="oc-24c">
         <name>.text:strlen</name>
         <load_address>0x11a40</load_address>
         <run_address>0x11a40</run_address>
         <size>0x20</size>
         <input_file_ref idref="fl-e6"/>
      </object_component>
      <object_component id="oc-14">
         <name>.text:decompress:none:__TI_decompress_none</name>
         <load_address>0x11a60</load_address>
         <run_address>0x11a60</run_address>
         <size>0x14</size>
         <input_file_ref idref="fl-e2"/>
      </object_component>
      <object_component id="oc-64">
         <name>.text:decompress:ZI:__TI_zero_init</name>
         <load_address>0x11a74</load_address>
         <run_address>0x11a74</run_address>
         <size>0x10</size>
         <input_file_ref idref="fl-e1"/>
      </object_component>
      <object_component id="oc-150">
         <name>.text:abort:abort</name>
         <load_address>0x11a84</load_address>
         <run_address>0x11a84</run_address>
         <size>0x8</size>
         <input_file_ref idref="fl-e4"/>
      </object_component>
      <object_component id="oc-35">
         <name>.text:retain</name>
         <load_address>0x11a8c</load_address>
         <run_address>0x11a8c</run_address>
         <size>0x4</size>
         <input_file_ref idref="fl-13"/>
      </object_component>
      <object_component id="oc-22">
         <name>.const:s_vim_init</name>
         <load_address>0x11aa0</load_address>
         <run_address>0x11aa0</run_address>
         <size>0x200</size>
         <input_file_ref idref="fl-17"/>
      </object_component>
      <object_component id="oc-1f2">
         <name>.const:s_canByteOrder</name>
         <load_address>0x11ca0</load_address>
         <run_address>0x11ca0</run_address>
         <size>0x20</size>
         <input_file_ref idref="fl-3"/>
      </object_component>
      <object_component id="oc-203">
         <name>.const:s_adcFiFoSize</name>
         <load_address>0x11cc0</load_address>
         <run_address>0x11cc0</run_address>
         <size>0x18</size>
         <input_file_ref idref="fl-2"/>
      </object_component>
      <object_component id="oc-206">
         <name>.const:s_adcSelect</name>
         <load_address>0x11cd8</load_address>
         <run_address>0x11cd8</run_address>
         <size>0x18</size>
         <input_file_ref idref="fl-2"/>
      </object_component>
      <object_component id="oc-15c">
         <name>.kernelBSS:init</name>
         <load_address>0x80008d0</load_address>
         <run_address>0x80008d0</run_address>
         <size>0x34</size>
         <input_file_ref idref="fl-21"/>
      </object_component>
      <object_component id="oc-249">
         <name>.kernelBSS:uninit</name>
         <load_address>0x8000800</load_address>
         <run_address>0x8000800</run_address>
         <size>0xd0</size>
         <input_file_ref idref="fl-21"/>
      </object_component>
      <object_component id="oc-324">
         <name>.kernelHEAP</name>
         <uninitialized>true</uninitialized>
         <run_address>0x8001000</run_address>
         <size>0x2000</size>
         <input_file_ref idref="fl-1b"/>
      </object_component>
      <object_component id="oc-1eb">
         <name>.bss:g_sciTransfer_t</name>
         <uninitialized>true</uninitialized>
         <run_address>0x8003000</run_address>
         <size>0x50</size>
         <input_file_ref idref="fl-c"/>
      </object_component>
      <object_component id="oc-2d7">
         <name>.bss:xStart</name>
         <uninitialized>true</uninitialized>
         <run_address>0x8003050</run_address>
         <size>0x8</size>
         <input_file_ref idref="fl-1b"/>
      </object_component>
      <object_component id="oc-141">
         <name>.common:xTask0Handle</name>
         <uninitialized>true</uninitialized>
         <run_address>0x8003058</run_address>
         <size>0x4</size>
      </object_component>
      <object_component id="oc-144">
         <name>.common:xTask1Handle</name>
         <uninitialized>true</uninitialized>
         <run_address>0x800305c</run_address>
         <size>0x4</size>
      </object_component>
      <object_component id="oc-145">
         <name>.common:xTask2Handle</name>
         <uninitialized>true</uninitialized>
         <run_address>0x8003060</run_address>
         <size>0x4</size>
      </object_component>
      <object_component id="oc-146">
         <name>.common:xTask3Handle</name>
         <uninitialized>true</uninitialized>
         <run_address>0x8003064</run_address>
         <size>0x4</size>
      </object_component>
      <object_component id="oc-13e">
         <name>.data</name>
         <load_address>0x8003078</load_address>
         <run_address>0x8003078</run_address>
         <size>0xa</size>
         <input_file_ref idref="fl-10"/>
      </object_component>
      <object_component id="oc-147">
         <name>.data:rx_data</name>
         <load_address>0x800308c</load_address>
         <run_address>0x800308c</run_address>
         <size>0x8</size>
         <input_file_ref idref="fl-10"/>
      </object_component>
      <object_component id="oc-2d4">
         <name>.data</name>
         <load_address>0x8003068</load_address>
         <run_address>0x8003068</run_address>
         <size>0x10</size>
         <input_file_ref idref="fl-1b"/>
      </object_component>
      <object_component id="oc-15f">
         <name>.data</name>
         <load_address>0x8003084</load_address>
         <run_address>0x8003084</run_address>
         <size>0x8</size>
         <input_file_ref idref="fl-1e"/>
      </object_component>
      <object_component id="oc-197">
         <name>.debug_info</name>
         <load_address>0x0</load_address>
         <run_address>0x0</run_address>
         <size>0x31f</size>
         <input_file_ref idref="fl-2"/>
      </object_component>
      <object_component id="oc-207">
         <name>.debug_info</name>
         <load_address>0x31f</load_address>
         <run_address>0x31f</run_address>
         <size>0xd6</size>
         <input_file_ref idref="fl-2"/>
      </object_component>
      <object_component id="oc-204">
         <name>.debug_info</name>
         <load_address>0x3f5</load_address>
         <run_address>0x3f5</run_address>
         <size>0xdb</size>
         <input_file_ref idref="fl-2"/>
      </object_component>
      <object_component id="oc-12e">
         <name>.debug_info</name>
         <load_address>0x4d0</load_address>
         <run_address>0x4d0</run_address>
         <size>0xba7</size>
         <input_file_ref idref="fl-2"/>
      </object_component>
      <object_component id="oc-1a9">
         <name>.debug_info</name>
         <load_address>0x1077</load_address>
         <run_address>0x1077</run_address>
         <size>0x791</size>
         <input_file_ref idref="fl-2"/>
      </object_component>
      <object_component id="oc-165">
         <name>.debug_info</name>
         <load_address>0x1808</load_address>
         <run_address>0x1808</run_address>
         <size>0x26b</size>
         <input_file_ref idref="fl-2"/>
      </object_component>
      <object_component id="oc-98">
         <name>.debug_info</name>
         <load_address>0x1a73</load_address>
         <run_address>0x1a73</run_address>
         <size>0x157</size>
         <input_file_ref idref="fl-2"/>
      </object_component>
      <object_component id="oc-14b">
         <name>.debug_info</name>
         <load_address>0x1bca</load_address>
         <run_address>0x1bca</run_address>
         <size>0x8b</size>
         <input_file_ref idref="fl-2"/>
      </object_component>
      <object_component id="oc-a1">
         <name>.debug_info</name>
         <load_address>0x1c55</load_address>
         <run_address>0x1c55</run_address>
         <size>0x18c</size>
         <input_file_ref idref="fl-2"/>
      </object_component>
      <object_component id="oc-276">
         <name>.debug_info</name>
         <load_address>0x1de1</load_address>
         <run_address>0x1de1</run_address>
         <size>0x297</size>
         <input_file_ref idref="fl-2"/>
      </object_component>
      <object_component id="oc-192">
         <name>.debug_info</name>
         <load_address>0x2078</load_address>
         <run_address>0x2078</run_address>
         <size>0xbb</size>
         <input_file_ref idref="fl-2"/>
      </object_component>
      <object_component id="oc-a6">
         <name>.debug_info</name>
         <load_address>0x2133</load_address>
         <run_address>0x2133</run_address>
         <size>0x86</size>
         <input_file_ref idref="fl-2"/>
      </object_component>
      <object_component id="oc-27e">
         <name>.debug_info</name>
         <load_address>0x21b9</load_address>
         <run_address>0x21b9</run_address>
         <size>0x38f</size>
         <input_file_ref idref="fl-2"/>
      </object_component>
      <object_component id="oc-188">
         <name>.debug_info</name>
         <load_address>0x2548</load_address>
         <run_address>0x2548</run_address>
         <size>0x36d</size>
         <input_file_ref idref="fl-2"/>
      </object_component>
      <object_component id="oc-1f6">
         <name>.debug_info</name>
         <load_address>0x28b5</load_address>
         <run_address>0x28b5</run_address>
         <size>0x3f3</size>
         <input_file_ref idref="fl-3"/>
      </object_component>
      <object_component id="oc-1f3">
         <name>.debug_info</name>
         <load_address>0x2ca8</load_address>
         <run_address>0x2ca8</run_address>
         <size>0xdc</size>
         <input_file_ref idref="fl-3"/>
      </object_component>
      <object_component id="oc-122">
         <name>.debug_info</name>
         <load_address>0x2d84</load_address>
         <run_address>0x2d84</run_address>
         <size>0x1425</size>
         <input_file_ref idref="fl-3"/>
      </object_component>
      <object_component id="oc-26">
         <name>.debug_info</name>
         <load_address>0x41a9</load_address>
         <run_address>0x41a9</run_address>
         <size>0x263</size>
         <input_file_ref idref="fl-3"/>
      </object_component>
      <object_component id="oc-1b3">
         <name>.debug_info</name>
         <load_address>0x440c</load_address>
         <run_address>0x440c</run_address>
         <size>0x49b</size>
         <input_file_ref idref="fl-3"/>
      </object_component>
      <object_component id="oc-1f7">
         <name>.debug_info</name>
         <load_address>0x48a7</load_address>
         <run_address>0x48a7</run_address>
         <size>0x15f</size>
         <input_file_ref idref="fl-3"/>
      </object_component>
      <object_component id="oc-27b">
         <name>.debug_info</name>
         <load_address>0x4a06</load_address>
         <run_address>0x4a06</run_address>
         <size>0x378</size>
         <input_file_ref idref="fl-4"/>
      </object_component>
      <object_component id="oc-d6">
         <name>.debug_info</name>
         <load_address>0x4d7e</load_address>
         <run_address>0x4d7e</run_address>
         <size>0x429</size>
         <input_file_ref idref="fl-4"/>
      </object_component>
      <object_component id="oc-16a">
         <name>.debug_info</name>
         <load_address>0x51a7</load_address>
         <run_address>0x51a7</run_address>
         <size>0x102</size>
         <input_file_ref idref="fl-4"/>
      </object_component>
      <object_component id="oc-1b8">
         <name>.debug_info</name>
         <load_address>0x52a9</load_address>
         <run_address>0x52a9</run_address>
         <size>0x142</size>
         <input_file_ref idref="fl-4"/>
      </object_component>
      <object_component id="oc-16f">
         <name>.debug_info</name>
         <load_address>0x53eb</load_address>
         <run_address>0x53eb</run_address>
         <size>0x285</size>
         <input_file_ref idref="fl-4"/>
      </object_component>
      <object_component id="oc-174">
         <name>.debug_info</name>
         <load_address>0x5670</load_address>
         <run_address>0x5670</run_address>
         <size>0x44a</size>
         <input_file_ref idref="fl-4"/>
      </object_component>
      <object_component id="oc-179">
         <name>.debug_info</name>
         <load_address>0x5aba</load_address>
         <run_address>0x5aba</run_address>
         <size>0x1f9</size>
         <input_file_ref idref="fl-4"/>
      </object_component>
      <object_component id="oc-17e">
         <name>.debug_info</name>
         <load_address>0x5cb3</load_address>
         <run_address>0x5cb3</run_address>
         <size>0x152</size>
         <input_file_ref idref="fl-4"/>
      </object_component>
      <object_component id="oc-183">
         <name>.debug_info</name>
         <load_address>0x5e05</load_address>
         <run_address>0x5e05</run_address>
         <size>0x70a</size>
         <input_file_ref idref="fl-4"/>
      </object_component>
      <object_component id="oc-e2">
         <name>.debug_info</name>
         <load_address>0x650f</load_address>
         <run_address>0x650f</run_address>
         <size>0x344</size>
         <input_file_ref idref="fl-6"/>
      </object_component>
      <object_component id="oc-7c">
         <name>.debug_info</name>
         <load_address>0x6853</load_address>
         <run_address>0x6853</run_address>
         <size>0x10b9</size>
         <input_file_ref idref="fl-6"/>
      </object_component>
      <object_component id="oc-2c">
         <name>.debug_info</name>
         <load_address>0x790c</load_address>
         <run_address>0x790c</run_address>
         <size>0x1a1</size>
         <input_file_ref idref="fl-6"/>
      </object_component>
      <object_component id="oc-dd">
         <name>.debug_info</name>
         <load_address>0x7aad</load_address>
         <run_address>0x7aad</run_address>
         <size>0x168</size>
         <input_file_ref idref="fl-6"/>
      </object_component>
      <object_component id="oc-1fd">
         <name>.debug_info</name>
         <load_address>0x7c15</load_address>
         <run_address>0x7c15</run_address>
         <size>0x300</size>
         <input_file_ref idref="fl-7"/>
      </object_component>
      <object_component id="oc-127">
         <name>.debug_info</name>
         <load_address>0x7f15</load_address>
         <run_address>0x7f15</run_address>
         <size>0x2851</size>
         <input_file_ref idref="fl-7"/>
      </object_component>
      <object_component id="oc-1fe">
         <name>.debug_info</name>
         <load_address>0xa766</load_address>
         <run_address>0xa766</run_address>
         <size>0xc6d</size>
         <input_file_ref idref="fl-7"/>
      </object_component>
      <object_component id="oc-1bd">
         <name>.debug_info</name>
         <load_address>0xb3d3</load_address>
         <run_address>0xb3d3</run_address>
         <size>0x396</size>
         <input_file_ref idref="fl-7"/>
      </object_component>
      <object_component id="oc-1cf">
         <name>.debug_info</name>
         <load_address>0xb769</load_address>
         <run_address>0xb769</run_address>
         <size>0x199</size>
         <input_file_ref idref="fl-7"/>
      </object_component>
      <object_component id="oc-1f1">
         <name>.debug_info</name>
         <load_address>0xb902</load_address>
         <run_address>0xb902</run_address>
         <size>0x2a9</size>
         <input_file_ref idref="fl-8"/>
      </object_component>
      <object_component id="oc-11b">
         <name>.debug_info</name>
         <load_address>0xbbab</load_address>
         <run_address>0xbbab</run_address>
         <size>0x713</size>
         <input_file_ref idref="fl-8"/>
      </object_component>
      <object_component id="oc-2ae">
         <name>.debug_info</name>
         <load_address>0xc2be</load_address>
         <run_address>0xc2be</run_address>
         <size>0x12a</size>
         <input_file_ref idref="fl-8"/>
      </object_component>
      <object_component id="oc-c9">
         <name>.debug_info</name>
         <load_address>0xc3e8</load_address>
         <run_address>0xc3e8</run_address>
         <size>0x405</size>
         <input_file_ref idref="fl-a"/>
      </object_component>
      <object_component id="oc-70">
         <name>.debug_info</name>
         <load_address>0xc7ed</load_address>
         <run_address>0xc7ed</run_address>
         <size>0xba3</size>
         <input_file_ref idref="fl-a"/>
      </object_component>
      <object_component id="oc-1ae">
         <name>.debug_info</name>
         <load_address>0xd390</load_address>
         <run_address>0xd390</run_address>
         <size>0xadd</size>
         <input_file_ref idref="fl-a"/>
      </object_component>
      <object_component id="oc-ca">
         <name>.debug_info</name>
         <load_address>0xde6d</load_address>
         <run_address>0xde6d</run_address>
         <size>0x6eb</size>
         <input_file_ref idref="fl-a"/>
      </object_component>
      <object_component id="oc-1c2">
         <name>.debug_info</name>
         <load_address>0xe558</load_address>
         <run_address>0xe558</run_address>
         <size>0x243</size>
         <input_file_ref idref="fl-a"/>
      </object_component>
      <object_component id="oc-2a7">
         <name>.debug_info</name>
         <load_address>0xe79b</load_address>
         <run_address>0xe79b</run_address>
         <size>0x18e</size>
         <input_file_ref idref="fl-a"/>
      </object_component>
      <object_component id="oc-d2">
         <name>.debug_info</name>
         <load_address>0xe929</load_address>
         <run_address>0xe929</run_address>
         <size>0x115</size>
         <input_file_ref idref="fl-b"/>
      </object_component>
      <object_component id="oc-1ef">
         <name>.debug_info</name>
         <load_address>0xea3e</load_address>
         <run_address>0xea3e</run_address>
         <size>0x2f6</size>
         <input_file_ref idref="fl-c"/>
      </object_component>
      <object_component id="oc-1ec">
         <name>.debug_info</name>
         <load_address>0xed34</load_address>
         <run_address>0xed34</run_address>
         <size>0xde</size>
         <input_file_ref idref="fl-c"/>
      </object_component>
      <object_component id="oc-115">
         <name>.debug_info</name>
         <load_address>0xee12</load_address>
         <run_address>0xee12</run_address>
         <size>0xc96</size>
         <input_file_ref idref="fl-c"/>
      </object_component>
      <object_component id="oc-2a2">
         <name>.debug_info</name>
         <load_address>0xfaa8</load_address>
         <run_address>0xfaa8</run_address>
         <size>0x91</size>
         <input_file_ref idref="fl-c"/>
      </object_component>
      <object_component id="oc-6c">
         <name>.debug_info</name>
         <load_address>0xfb39</load_address>
         <run_address>0xfb39</run_address>
         <size>0x80b</size>
         <input_file_ref idref="fl-d"/>
      </object_component>
      <object_component id="oc-31">
         <name>.debug_info</name>
         <load_address>0x10344</load_address>
         <run_address>0x10344</run_address>
         <size>0x101</size>
         <input_file_ref idref="fl-f"/>
      </object_component>
      <object_component id="oc-142">
         <name>.debug_info</name>
         <load_address>0x10445</load_address>
         <run_address>0x10445</run_address>
         <size>0x8cd</size>
         <input_file_ref idref="fl-10"/>
      </object_component>
      <object_component id="oc-13f">
         <name>.debug_info</name>
         <load_address>0x10d12</load_address>
         <run_address>0x10d12</run_address>
         <size>0x15a</size>
         <input_file_ref idref="fl-10"/>
      </object_component>
      <object_component id="oc-148">
         <name>.debug_info</name>
         <load_address>0x10e6c</load_address>
         <run_address>0x10e6c</run_address>
         <size>0xd4</size>
         <input_file_ref idref="fl-10"/>
      </object_component>
      <object_component id="oc-88">
         <name>.debug_info</name>
         <load_address>0x10f40</load_address>
         <run_address>0x10f40</run_address>
         <size>0x102e</size>
         <input_file_ref idref="fl-10"/>
      </object_component>
      <object_component id="oc-228">
         <name>.debug_info</name>
         <load_address>0x11f6e</load_address>
         <run_address>0x11f6e</run_address>
         <size>0x30c</size>
         <input_file_ref idref="fl-10"/>
      </object_component>
      <object_component id="oc-262">
         <name>.debug_info</name>
         <load_address>0x1227a</load_address>
         <run_address>0x1227a</run_address>
         <size>0x5f</size>
         <input_file_ref idref="fl-10"/>
      </object_component>
      <object_component id="oc-25d">
         <name>.debug_info</name>
         <load_address>0x122d9</load_address>
         <run_address>0x122d9</run_address>
         <size>0x379</size>
         <input_file_ref idref="fl-10"/>
      </object_component>
      <object_component id="oc-21d">
         <name>.debug_info</name>
         <load_address>0x12652</load_address>
         <run_address>0x12652</run_address>
         <size>0xe1</size>
         <input_file_ref idref="fl-10"/>
      </object_component>
      <object_component id="oc-22d">
         <name>.debug_info</name>
         <load_address>0x12733</load_address>
         <run_address>0x12733</run_address>
         <size>0x46</size>
         <input_file_ref idref="fl-10"/>
      </object_component>
      <object_component id="oc-222">
         <name>.debug_info</name>
         <load_address>0x12779</load_address>
         <run_address>0x12779</run_address>
         <size>0x2c</size>
         <input_file_ref idref="fl-10"/>
      </object_component>
      <object_component id="oc-258">
         <name>.debug_info</name>
         <load_address>0x127a5</load_address>
         <run_address>0x127a5</run_address>
         <size>0x14c</size>
         <input_file_ref idref="fl-10"/>
      </object_component>
      <object_component id="oc-84">
         <name>.debug_info</name>
         <load_address>0x128f1</load_address>
         <run_address>0x128f1</run_address>
         <size>0x438</size>
         <input_file_ref idref="fl-11"/>
      </object_component>
      <object_component id="oc-283">
         <name>.debug_info</name>
         <load_address>0x12d29</load_address>
         <run_address>0x12d29</run_address>
         <size>0x2ec</size>
         <input_file_ref idref="fl-12"/>
      </object_component>
      <object_component id="oc-1ca">
         <name>.debug_info</name>
         <load_address>0x13015</load_address>
         <run_address>0x13015</run_address>
         <size>0x457</size>
         <input_file_ref idref="fl-12"/>
      </object_component>
      <object_component id="oc-38">
         <name>.debug_info</name>
         <load_address>0x1346c</load_address>
         <run_address>0x1346c</run_address>
         <size>0x136</size>
         <input_file_ref idref="fl-13"/>
      </object_component>
      <object_component id="oc-1c">
         <name>.debug_info</name>
         <load_address>0x135a2</load_address>
         <run_address>0x135a2</run_address>
         <size>0x275</size>
         <input_file_ref idref="fl-16"/>
      </object_component>
      <object_component id="oc-96">
         <name>.debug_info</name>
         <load_address>0x13817</load_address>
         <run_address>0x13817</run_address>
         <size>0x509</size>
         <input_file_ref idref="fl-17"/>
      </object_component>
      <object_component id="oc-23">
         <name>.debug_info</name>
         <load_address>0x13d20</load_address>
         <run_address>0x13d20</run_address>
         <size>0xd8</size>
         <input_file_ref idref="fl-17"/>
      </object_component>
      <object_component id="oc-43">
         <name>.debug_info</name>
         <load_address>0x13df8</load_address>
         <run_address>0x13df8</run_address>
         <size>0x488</size>
         <input_file_ref idref="fl-17"/>
      </object_component>
      <object_component id="oc-45">
         <name>.debug_info</name>
         <load_address>0x14280</load_address>
         <run_address>0x14280</run_address>
         <size>0x1f3</size>
         <input_file_ref idref="fl-17"/>
      </object_component>
      <object_component id="oc-18d">
         <name>.debug_info</name>
         <load_address>0x14473</load_address>
         <run_address>0x14473</run_address>
         <size>0x4f</size>
         <input_file_ref idref="fl-17"/>
      </object_component>
      <object_component id="oc-db">
         <name>.debug_info</name>
         <load_address>0x144c2</load_address>
         <run_address>0x144c2</run_address>
         <size>0x3da</size>
         <input_file_ref idref="fl-18"/>
      </object_component>
      <object_component id="oc-76">
         <name>.debug_info</name>
         <load_address>0x1489c</load_address>
         <run_address>0x1489c</run_address>
         <size>0x588</size>
         <input_file_ref idref="fl-18"/>
      </object_component>
      <object_component id="oc-4d">
         <name>.debug_info</name>
         <load_address>0x14e24</load_address>
         <run_address>0x14e24</run_address>
         <size>0x84</size>
         <input_file_ref idref="fl-19"/>
      </object_component>
      <object_component id="oc-2c6">
         <name>.debug_info</name>
         <load_address>0x14ea8</load_address>
         <run_address>0x14ea8</run_address>
         <size>0x66d</size>
         <input_file_ref idref="fl-1a"/>
      </object_component>
      <object_component id="oc-217">
         <name>.debug_info</name>
         <load_address>0x15515</load_address>
         <run_address>0x15515</run_address>
         <size>0x146b</size>
         <input_file_ref idref="fl-1a"/>
      </object_component>
      <object_component id="oc-2c0">
         <name>.debug_info</name>
         <load_address>0x16980</load_address>
         <run_address>0x16980</run_address>
         <size>0x110</size>
         <input_file_ref idref="fl-1a"/>
      </object_component>
      <object_component id="oc-232">
         <name>.debug_info</name>
         <load_address>0x16a90</load_address>
         <run_address>0x16a90</run_address>
         <size>0x39</size>
         <input_file_ref idref="fl-1a"/>
      </object_component>
      <object_component id="oc-2c9">
         <name>.debug_info</name>
         <load_address>0x16ac9</load_address>
         <run_address>0x16ac9</run_address>
         <size>0x46</size>
         <input_file_ref idref="fl-1a"/>
      </object_component>
      <object_component id="oc-31f">
         <name>.debug_info</name>
         <load_address>0x16b0f</load_address>
         <run_address>0x16b0f</run_address>
         <size>0x62</size>
         <input_file_ref idref="fl-1a"/>
      </object_component>
      <object_component id="oc-2db">
         <name>.debug_info</name>
         <load_address>0x16b71</load_address>
         <run_address>0x16b71</run_address>
         <size>0x415</size>
         <input_file_ref idref="fl-1b"/>
      </object_component>
      <object_component id="oc-325">
         <name>.debug_info</name>
         <load_address>0x16f86</load_address>
         <run_address>0x16f86</run_address>
         <size>0xcd</size>
         <input_file_ref idref="fl-1b"/>
      </object_component>
      <object_component id="oc-2d8">
         <name>.debug_info</name>
         <load_address>0x17053</load_address>
         <run_address>0x17053</run_address>
         <size>0xcd</size>
         <input_file_ref idref="fl-1b"/>
      </object_component>
      <object_component id="oc-2d5">
         <name>.debug_info</name>
         <load_address>0x17120</load_address>
         <run_address>0x17120</run_address>
         <size>0x181</size>
         <input_file_ref idref="fl-1b"/>
      </object_component>
      <object_component id="oc-238">
         <name>.debug_info</name>
         <load_address>0x172a1</load_address>
         <run_address>0x172a1</run_address>
         <size>0x52a</size>
         <input_file_ref idref="fl-1b"/>
      </object_component>
      <object_component id="oc-2cf">
         <name>.debug_info</name>
         <load_address>0x177cb</load_address>
         <run_address>0x177cb</run_address>
         <size>0x2a4</size>
         <input_file_ref idref="fl-1b"/>
      </object_component>
      <object_component id="oc-32c">
         <name>.debug_info</name>
         <load_address>0x17a6f</load_address>
         <run_address>0x17a6f</run_address>
         <size>0x62</size>
         <input_file_ref idref="fl-1b"/>
      </object_component>
      <object_component id="oc-2dd">
         <name>.debug_info</name>
         <load_address>0x17ad1</load_address>
         <run_address>0x17ad1</run_address>
         <size>0x350</size>
         <input_file_ref idref="fl-1c"/>
      </object_component>
      <object_component id="oc-23e">
         <name>.debug_info</name>
         <load_address>0x17e21</load_address>
         <run_address>0x17e21</run_address>
         <size>0x4ab</size>
         <input_file_ref idref="fl-1c"/>
      </object_component>
      <object_component id="oc-227">
         <name>.debug_info</name>
         <load_address>0x182cc</load_address>
         <run_address>0x182cc</run_address>
         <size>0xe1c</size>
         <input_file_ref idref="fl-1d"/>
      </object_component>
      <object_component id="oc-133">
         <name>.debug_info</name>
         <load_address>0x190e8</load_address>
         <run_address>0x190e8</run_address>
         <size>0x3b05</size>
         <input_file_ref idref="fl-1d"/>
      </object_component>
      <object_component id="oc-2e5">
         <name>.debug_info</name>
         <load_address>0x1cbed</load_address>
         <run_address>0x1cbed</run_address>
         <size>0x3e7</size>
         <input_file_ref idref="fl-1e"/>
      </object_component>
      <object_component id="oc-160">
         <name>.debug_info</name>
         <load_address>0x1cfd4</load_address>
         <run_address>0x1cfd4</run_address>
         <size>0x11b</size>
         <input_file_ref idref="fl-1e"/>
      </object_component>
      <object_component id="oc-244">
         <name>.debug_info</name>
         <load_address>0x1d0ef</load_address>
         <run_address>0x1d0ef</run_address>
         <size>0x596</size>
         <input_file_ref idref="fl-1e"/>
      </object_component>
      <object_component id="oc-2e0">
         <name>.debug_info</name>
         <load_address>0x1d685</load_address>
         <run_address>0x1d685</run_address>
         <size>0x252</size>
         <input_file_ref idref="fl-1e"/>
      </object_component>
      <object_component id="oc-91">
         <name>.debug_info</name>
         <load_address>0x1d8d7</load_address>
         <run_address>0x1d8d7</run_address>
         <size>0x4d4</size>
         <input_file_ref idref="fl-1f"/>
      </object_component>
      <object_component id="oc-2bf">
         <name>.debug_info</name>
         <load_address>0x1ddab</load_address>
         <run_address>0x1ddab</run_address>
         <size>0x6c7</size>
         <input_file_ref idref="fl-20"/>
      </object_component>
      <object_component id="oc-211">
         <name>.debug_info</name>
         <load_address>0x1e472</load_address>
         <run_address>0x1e472</run_address>
         <size>0x23f1</size>
         <input_file_ref idref="fl-20"/>
      </object_component>
      <object_component id="oc-318">
         <name>.debug_info</name>
         <load_address>0x20863</load_address>
         <run_address>0x20863</run_address>
         <size>0x155</size>
         <input_file_ref idref="fl-20"/>
      </object_component>
      <object_component id="oc-253">
         <name>.debug_info</name>
         <load_address>0x209b8</load_address>
         <run_address>0x209b8</run_address>
         <size>0x83e</size>
         <input_file_ref idref="fl-21"/>
      </object_component>
      <object_component id="oc-15d">
         <name>.debug_info</name>
         <load_address>0x211f6</load_address>
         <run_address>0x211f6</run_address>
         <size>0x33e</size>
         <input_file_ref idref="fl-21"/>
      </object_component>
      <object_component id="oc-24a">
         <name>.debug_info</name>
         <load_address>0x21534</load_address>
         <run_address>0x21534</run_address>
         <size>0x26a</size>
         <input_file_ref idref="fl-21"/>
      </object_component>
      <object_component id="oc-139">
         <name>.debug_info</name>
         <load_address>0x2179e</load_address>
         <run_address>0x2179e</run_address>
         <size>0x4b7e</size>
         <input_file_ref idref="fl-21"/>
      </object_component>
      <object_component id="oc-20b">
         <name>.debug_info</name>
         <load_address>0x2631c</load_address>
         <run_address>0x2631c</run_address>
         <size>0x3ec</size>
         <input_file_ref idref="fl-21"/>
      </object_component>
      <object_component id="oc-2ec">
         <name>.debug_info</name>
         <load_address>0x26708</load_address>
         <run_address>0x26708</run_address>
         <size>0x146</size>
         <input_file_ref idref="fl-21"/>
      </object_component>
      <object_component id="oc-29d">
         <name>.debug_info</name>
         <load_address>0x2684e</load_address>
         <run_address>0x2684e</run_address>
         <size>0x254</size>
         <input_file_ref idref="fl-dc"/>
      </object_component>
      <object_component id="oc-1e6">
         <name>.debug_info</name>
         <load_address>0x26aa2</load_address>
         <run_address>0x26aa2</run_address>
         <size>0x165</size>
         <input_file_ref idref="fl-dc"/>
      </object_component>
      <object_component id="oc-30f">
         <name>.debug_info</name>
         <load_address>0x26c07</load_address>
         <run_address>0x26c07</run_address>
         <size>0x46</size>
         <input_file_ref idref="fl-dc"/>
      </object_component>
      <object_component id="oc-298">
         <name>.debug_info</name>
         <load_address>0x26c4d</load_address>
         <run_address>0x26c4d</run_address>
         <size>0x39</size>
         <input_file_ref idref="fl-dc"/>
      </object_component>
      <object_component id="oc-55">
         <name>.debug_info</name>
         <load_address>0x26c86</load_address>
         <run_address>0x26c86</run_address>
         <size>0x14c</size>
         <input_file_ref idref="fl-dd"/>
      </object_component>
      <object_component id="oc-c2">
         <name>.debug_info</name>
         <load_address>0x26dd2</load_address>
         <run_address>0x26dd2</run_address>
         <size>0x114</size>
         <input_file_ref idref="fl-de"/>
      </object_component>
      <object_component id="oc-1d7">
         <name>.debug_info</name>
         <load_address>0x26ee6</load_address>
         <run_address>0x26ee6</run_address>
         <size>0x517</size>
         <input_file_ref idref="fl-df"/>
      </object_component>
      <object_component id="oc-e5">
         <name>.debug_info</name>
         <load_address>0x273fd</load_address>
         <run_address>0x273fd</run_address>
         <size>0x16b</size>
         <input_file_ref idref="fl-df"/>
      </object_component>
      <object_component id="oc-286">
         <name>.debug_info</name>
         <load_address>0x27568</load_address>
         <run_address>0x27568</run_address>
         <size>0x39</size>
         <input_file_ref idref="fl-df"/>
      </object_component>
      <object_component id="oc-303">
         <name>.debug_info</name>
         <load_address>0x275a1</load_address>
         <run_address>0x275a1</run_address>
         <size>0x39</size>
         <input_file_ref idref="fl-df"/>
      </object_component>
      <object_component id="oc-28b">
         <name>.debug_info</name>
         <load_address>0x275da</load_address>
         <run_address>0x275da</run_address>
         <size>0x39</size>
         <input_file_ref idref="fl-df"/>
      </object_component>
      <object_component id="oc-290">
         <name>.debug_info</name>
         <load_address>0x27613</load_address>
         <run_address>0x27613</run_address>
         <size>0xcd</size>
         <input_file_ref idref="fl-df"/>
      </object_component>
      <object_component id="oc-c0">
         <name>.debug_info</name>
         <load_address>0x276e0</load_address>
         <run_address>0x276e0</run_address>
         <size>0x2de</size>
         <input_file_ref idref="fl-e1"/>
      </object_component>
      <object_component id="oc-66">
         <name>.debug_info</name>
         <load_address>0x279be</load_address>
         <run_address>0x279be</run_address>
         <size>0x165</size>
         <input_file_ref idref="fl-e1"/>
      </object_component>
      <object_component id="oc-bb">
         <name>.debug_info</name>
         <load_address>0x27b23</load_address>
         <run_address>0x27b23</run_address>
         <size>0x46</size>
         <input_file_ref idref="fl-e1"/>
      </object_component>
      <object_component id="oc-19f">
         <name>.debug_info</name>
         <load_address>0x27b69</load_address>
         <run_address>0x27b69</run_address>
         <size>0x2c</size>
         <input_file_ref idref="fl-e1"/>
      </object_component>
      <object_component id="oc-5d">
         <name>.debug_info</name>
         <load_address>0x27b95</load_address>
         <run_address>0x27b95</run_address>
         <size>0x268</size>
         <input_file_ref idref="fl-e2"/>
      </object_component>
      <object_component id="oc-15">
         <name>.debug_info</name>
         <load_address>0x27dfd</load_address>
         <run_address>0x27dfd</run_address>
         <size>0x19a</size>
         <input_file_ref idref="fl-e2"/>
      </object_component>
      <object_component id="oc-58">
         <name>.debug_info</name>
         <load_address>0x27f97</load_address>
         <run_address>0x27f97</run_address>
         <size>0x46</size>
         <input_file_ref idref="fl-e2"/>
      </object_component>
      <object_component id="oc-b3">
         <name>.debug_info</name>
         <load_address>0x27fdd</load_address>
         <run_address>0x27fdd</run_address>
         <size>0x2c</size>
         <input_file_ref idref="fl-e2"/>
      </object_component>
      <object_component id="oc-b1">
         <name>.debug_info</name>
         <load_address>0x28009</load_address>
         <run_address>0x28009</run_address>
         <size>0x263</size>
         <input_file_ref idref="fl-e3"/>
      </object_component>
      <object_component id="oc-10">
         <name>.debug_info</name>
         <load_address>0x2826c</load_address>
         <run_address>0x2826c</run_address>
         <size>0x215</size>
         <input_file_ref idref="fl-e3"/>
      </object_component>
      <object_component id="oc-48">
         <name>.debug_info</name>
         <load_address>0x28481</load_address>
         <run_address>0x28481</run_address>
         <size>0x60</size>
         <input_file_ref idref="fl-e3"/>
      </object_component>
      <object_component id="oc-198">
         <name>.debug_info</name>
         <load_address>0x284e1</load_address>
         <run_address>0x284e1</run_address>
         <size>0x46</size>
         <input_file_ref idref="fl-e3"/>
      </object_component>
      <object_component id="oc-ac">
         <name>.debug_info</name>
         <load_address>0x28527</load_address>
         <run_address>0x28527</run_address>
         <size>0x39</size>
         <input_file_ref idref="fl-e3"/>
      </object_component>
      <object_component id="oc-151">
         <name>.debug_info</name>
         <load_address>0x28560</load_address>
         <run_address>0x28560</run_address>
         <size>0xe7</size>
         <input_file_ref idref="fl-e4"/>
      </object_component>
      <object_component id="oc-2e9">
         <name>.debug_info</name>
         <load_address>0x28647</load_address>
         <run_address>0x28647</run_address>
         <size>0x254</size>
         <input_file_ref idref="fl-e6"/>
      </object_component>
      <object_component id="oc-24f">
         <name>.debug_info</name>
         <load_address>0x2889b</load_address>
         <run_address>0x2889b</run_address>
         <size>0x19e</size>
         <input_file_ref idref="fl-e6"/>
      </object_component>
      <object_component id="oc-369">
         <name>.debug_info</name>
         <load_address>0x28a39</load_address>
         <run_address>0x28a39</run_address>
         <size>0x9a</size>
      </object_component>
      <object_component id="oc-27d">
         <name>.debug_line</name>
         <load_address>0x0</load_address>
         <run_address>0x0</run_address>
         <size>0x20</size>
         <input_file_ref idref="fl-2"/>
      </object_component>
      <object_component id="oc-2bc">
         <name>.debug_line</name>
         <load_address>0x20</load_address>
         <run_address>0x20</run_address>
         <size>0x36</size>
         <input_file_ref idref="fl-2"/>
      </object_component>
      <object_component id="oc-2ba">
         <name>.debug_line</name>
         <load_address>0x56</load_address>
         <run_address>0x56</run_address>
         <size>0x36</size>
         <input_file_ref idref="fl-2"/>
      </object_component>
      <object_component id="oc-12d">
         <name>.debug_line</name>
         <load_address>0x8c</load_address>
         <run_address>0x8c</run_address>
         <size>0x2e0</size>
         <input_file_ref idref="fl-2"/>
      </object_component>
      <object_component id="oc-1ac">
         <name>.debug_line</name>
         <load_address>0x36c</load_address>
         <run_address>0x36c</run_address>
         <size>0x5e</size>
         <input_file_ref idref="fl-2"/>
      </object_component>
      <object_component id="oc-168">
         <name>.debug_line</name>
         <load_address>0x3ca</load_address>
         <run_address>0x3ca</run_address>
         <size>0x69</size>
         <input_file_ref idref="fl-2"/>
      </object_component>
      <object_component id="oc-9b">
         <name>.debug_line</name>
         <load_address>0x433</load_address>
         <run_address>0x433</run_address>
         <size>0x63</size>
         <input_file_ref idref="fl-2"/>
      </object_component>
      <object_component id="oc-14e">
         <name>.debug_line</name>
         <load_address>0x496</load_address>
         <run_address>0x496</run_address>
         <size>0x20</size>
         <input_file_ref idref="fl-2"/>
      </object_component>
      <object_component id="oc-a4">
         <name>.debug_line</name>
         <load_address>0x4b6</load_address>
         <run_address>0x4b6</run_address>
         <size>0x5e</size>
         <input_file_ref idref="fl-2"/>
      </object_component>
      <object_component id="oc-279">
         <name>.debug_line</name>
         <load_address>0x514</load_address>
         <run_address>0x514</run_address>
         <size>0x6d</size>
         <input_file_ref idref="fl-2"/>
      </object_component>
      <object_component id="oc-195">
         <name>.debug_line</name>
         <load_address>0x581</load_address>
         <run_address>0x581</run_address>
         <size>0x6a</size>
         <input_file_ref idref="fl-2"/>
      </object_component>
      <object_component id="oc-a9">
         <name>.debug_line</name>
         <load_address>0x5eb</load_address>
         <run_address>0x5eb</run_address>
         <size>0x61</size>
         <input_file_ref idref="fl-2"/>
      </object_component>
      <object_component id="oc-281">
         <name>.debug_line</name>
         <load_address>0x64c</load_address>
         <run_address>0x64c</run_address>
         <size>0x5a</size>
         <input_file_ref idref="fl-2"/>
      </object_component>
      <object_component id="oc-18b">
         <name>.debug_line</name>
         <load_address>0x6a6</load_address>
         <run_address>0x6a6</run_address>
         <size>0x5e</size>
         <input_file_ref idref="fl-2"/>
      </object_component>
      <object_component id="oc-2b6">
         <name>.debug_line</name>
         <load_address>0x704</load_address>
         <run_address>0x704</run_address>
         <size>0x5a</size>
         <input_file_ref idref="fl-3"/>
      </object_component>
      <object_component id="oc-2b4">
         <name>.debug_line</name>
         <load_address>0x75e</load_address>
         <run_address>0x75e</run_address>
         <size>0x36</size>
         <input_file_ref idref="fl-3"/>
      </object_component>
      <object_component id="oc-125">
         <name>.debug_line</name>
         <load_address>0x794</load_address>
         <run_address>0x794</run_address>
         <size>0x3da</size>
         <input_file_ref idref="fl-3"/>
      </object_component>
      <object_component id="oc-25">
         <name>.debug_line</name>
         <load_address>0xb6e</load_address>
         <run_address>0xb6e</run_address>
         <size>0x9f</size>
         <input_file_ref idref="fl-3"/>
      </object_component>
      <object_component id="oc-1b6">
         <name>.debug_line</name>
         <load_address>0xc0d</load_address>
         <run_address>0xc0d</run_address>
         <size>0x5e</size>
         <input_file_ref idref="fl-3"/>
      </object_component>
      <object_component id="oc-1fa">
         <name>.debug_line</name>
         <load_address>0xc6b</load_address>
         <run_address>0xc6b</run_address>
         <size>0x5a</size>
         <input_file_ref idref="fl-3"/>
      </object_component>
      <object_component id="oc-300">
         <name>.debug_line</name>
         <load_address>0xcc5</load_address>
         <run_address>0xcc5</run_address>
         <size>0x20</size>
         <input_file_ref idref="fl-4"/>
      </object_component>
      <object_component id="oc-d9">
         <name>.debug_line</name>
         <load_address>0xce5</load_address>
         <run_address>0xce5</run_address>
         <size>0x5d</size>
         <input_file_ref idref="fl-4"/>
      </object_component>
      <object_component id="oc-16d">
         <name>.debug_line</name>
         <load_address>0xd42</load_address>
         <run_address>0xd42</run_address>
         <size>0x60</size>
         <input_file_ref idref="fl-4"/>
      </object_component>
      <object_component id="oc-1bb">
         <name>.debug_line</name>
         <load_address>0xda2</load_address>
         <run_address>0xda2</run_address>
         <size>0x5e</size>
         <input_file_ref idref="fl-4"/>
      </object_component>
      <object_component id="oc-172">
         <name>.debug_line</name>
         <load_address>0xe00</load_address>
         <run_address>0xe00</run_address>
         <size>0x5e</size>
         <input_file_ref idref="fl-4"/>
      </object_component>
      <object_component id="oc-177">
         <name>.debug_line</name>
         <load_address>0xe5e</load_address>
         <run_address>0xe5e</run_address>
         <size>0x60</size>
         <input_file_ref idref="fl-4"/>
      </object_component>
      <object_component id="oc-17c">
         <name>.debug_line</name>
         <load_address>0xebe</load_address>
         <run_address>0xebe</run_address>
         <size>0x5e</size>
         <input_file_ref idref="fl-4"/>
      </object_component>
      <object_component id="oc-181">
         <name>.debug_line</name>
         <load_address>0xf1c</load_address>
         <run_address>0xf1c</run_address>
         <size>0x61</size>
         <input_file_ref idref="fl-4"/>
      </object_component>
      <object_component id="oc-186">
         <name>.debug_line</name>
         <load_address>0xf7d</load_address>
         <run_address>0xf7d</run_address>
         <size>0x61</size>
         <input_file_ref idref="fl-4"/>
      </object_component>
      <object_component id="oc-1d5">
         <name>.debug_line</name>
         <load_address>0xfde</load_address>
         <run_address>0xfde</run_address>
         <size>0x5a</size>
         <input_file_ref idref="fl-6"/>
      </object_component>
      <object_component id="oc-7f">
         <name>.debug_line</name>
         <load_address>0x1038</load_address>
         <run_address>0x1038</run_address>
         <size>0x365</size>
         <input_file_ref idref="fl-6"/>
      </object_component>
      <object_component id="oc-2b">
         <name>.debug_line</name>
         <load_address>0x139d</load_address>
         <run_address>0x139d</run_address>
         <size>0x7c</size>
         <input_file_ref idref="fl-6"/>
      </object_component>
      <object_component id="oc-e0">
         <name>.debug_line</name>
         <load_address>0x1419</load_address>
         <run_address>0x1419</run_address>
         <size>0x5a</size>
         <input_file_ref idref="fl-6"/>
      </object_component>
      <object_component id="oc-2b8">
         <name>.debug_line</name>
         <load_address>0x1473</load_address>
         <run_address>0x1473</run_address>
         <size>0x20</size>
         <input_file_ref idref="fl-7"/>
      </object_component>
      <object_component id="oc-12b">
         <name>.debug_line</name>
         <load_address>0x1493</load_address>
         <run_address>0x1493</run_address>
         <size>0x7b9</size>
         <input_file_ref idref="fl-7"/>
      </object_component>
      <object_component id="oc-201">
         <name>.debug_line</name>
         <load_address>0x1c4c</load_address>
         <run_address>0x1c4c</run_address>
         <size>0x5c</size>
         <input_file_ref idref="fl-7"/>
      </object_component>
      <object_component id="oc-1c0">
         <name>.debug_line</name>
         <load_address>0x1ca8</load_address>
         <run_address>0x1ca8</run_address>
         <size>0x60</size>
         <input_file_ref idref="fl-7"/>
      </object_component>
      <object_component id="oc-1d2">
         <name>.debug_line</name>
         <load_address>0x1d08</load_address>
         <run_address>0x1d08</run_address>
         <size>0x61</size>
         <input_file_ref idref="fl-7"/>
      </object_component>
      <object_component id="oc-2ad">
         <name>.debug_line</name>
         <load_address>0x1d69</load_address>
         <run_address>0x1d69</run_address>
         <size>0x20</size>
         <input_file_ref idref="fl-8"/>
      </object_component>
      <object_component id="oc-11e">
         <name>.debug_line</name>
         <load_address>0x1d89</load_address>
         <run_address>0x1d89</run_address>
         <size>0x199</size>
         <input_file_ref idref="fl-8"/>
      </object_component>
      <object_component id="oc-2b1">
         <name>.debug_line</name>
         <load_address>0x1f22</load_address>
         <run_address>0x1f22</run_address>
         <size>0x5a</size>
         <input_file_ref idref="fl-8"/>
      </object_component>
      <object_component id="oc-1a8">
         <name>.debug_line</name>
         <load_address>0x1f7c</load_address>
         <run_address>0x1f7c</run_address>
         <size>0x20</size>
         <input_file_ref idref="fl-a"/>
      </object_component>
      <object_component id="oc-73">
         <name>.debug_line</name>
         <load_address>0x1f9c</load_address>
         <run_address>0x1f9c</run_address>
         <size>0x171</size>
         <input_file_ref idref="fl-a"/>
      </object_component>
      <object_component id="oc-1b1">
         <name>.debug_line</name>
         <load_address>0x210d</load_address>
         <run_address>0x210d</run_address>
         <size>0x5e</size>
         <input_file_ref idref="fl-a"/>
      </object_component>
      <object_component id="oc-cd">
         <name>.debug_line</name>
         <load_address>0x216b</load_address>
         <run_address>0x216b</run_address>
         <size>0x5e</size>
         <input_file_ref idref="fl-a"/>
      </object_component>
      <object_component id="oc-1c5">
         <name>.debug_line</name>
         <load_address>0x21c9</load_address>
         <run_address>0x21c9</run_address>
         <size>0x5e</size>
         <input_file_ref idref="fl-a"/>
      </object_component>
      <object_component id="oc-2aa">
         <name>.debug_line</name>
         <load_address>0x2227</load_address>
         <run_address>0x2227</run_address>
         <size>0x5a</size>
         <input_file_ref idref="fl-a"/>
      </object_component>
      <object_component id="oc-d0">
         <name>.debug_line</name>
         <load_address>0x2281</load_address>
         <run_address>0x2281</run_address>
         <size>0xdc</size>
         <input_file_ref idref="fl-b"/>
      </object_component>
      <object_component id="oc-2a1">
         <name>.debug_line</name>
         <load_address>0x235d</load_address>
         <run_address>0x235d</run_address>
         <size>0x63</size>
         <input_file_ref idref="fl-c"/>
      </object_component>
      <object_component id="oc-29f">
         <name>.debug_line</name>
         <load_address>0x23c0</load_address>
         <run_address>0x23c0</run_address>
         <size>0x36</size>
         <input_file_ref idref="fl-c"/>
      </object_component>
      <object_component id="oc-118">
         <name>.debug_line</name>
         <load_address>0x23f6</load_address>
         <run_address>0x23f6</run_address>
         <size>0x2c0</size>
         <input_file_ref idref="fl-c"/>
      </object_component>
      <object_component id="oc-2a5">
         <name>.debug_line</name>
         <load_address>0x26b6</load_address>
         <run_address>0x26b6</run_address>
         <size>0x36</size>
         <input_file_ref idref="fl-c"/>
      </object_component>
      <object_component id="oc-6e">
         <name>.debug_line</name>
         <load_address>0x26ec</load_address>
         <run_address>0x26ec</run_address>
         <size>0x2f2</size>
         <input_file_ref idref="fl-d"/>
      </object_component>
      <object_component id="oc-34">
         <name>.debug_line</name>
         <load_address>0x29de</load_address>
         <run_address>0x29de</run_address>
         <size>0x52</size>
         <input_file_ref idref="fl-f"/>
      </object_component>
      <object_component id="oc-257">
         <name>.debug_line</name>
         <load_address>0x2a30</load_address>
         <run_address>0x2a30</run_address>
         <size>0x1d6</size>
         <input_file_ref idref="fl-10"/>
      </object_component>
      <object_component id="oc-255">
         <name>.debug_line</name>
         <load_address>0x2c06</load_address>
         <run_address>0x2c06</run_address>
         <size>0x3b</size>
         <input_file_ref idref="fl-10"/>
      </object_component>
      <object_component id="oc-267">
         <name>.debug_line</name>
         <load_address>0x2c41</load_address>
         <run_address>0x2c41</run_address>
         <size>0x3b</size>
         <input_file_ref idref="fl-10"/>
      </object_component>
      <object_component id="oc-8b">
         <name>.debug_line</name>
         <load_address>0x2c7c</load_address>
         <run_address>0x2c7c</run_address>
         <size>0x33c</size>
         <input_file_ref idref="fl-10"/>
      </object_component>
      <object_component id="oc-22b">
         <name>.debug_line</name>
         <load_address>0x2fb8</load_address>
         <run_address>0x2fb8</run_address>
         <size>0x5b</size>
         <input_file_ref idref="fl-10"/>
      </object_component>
      <object_component id="oc-264">
         <name>.debug_line</name>
         <load_address>0x3013</load_address>
         <run_address>0x3013</run_address>
         <size>0x3b</size>
         <input_file_ref idref="fl-10"/>
      </object_component>
      <object_component id="oc-260">
         <name>.debug_line</name>
         <load_address>0x304e</load_address>
         <run_address>0x304e</run_address>
         <size>0x5c</size>
         <input_file_ref idref="fl-10"/>
      </object_component>
      <object_component id="oc-220">
         <name>.debug_line</name>
         <load_address>0x30aa</load_address>
         <run_address>0x30aa</run_address>
         <size>0x60</size>
         <input_file_ref idref="fl-10"/>
      </object_component>
      <object_component id="oc-230">
         <name>.debug_line</name>
         <load_address>0x310a</load_address>
         <run_address>0x310a</run_address>
         <size>0x5c</size>
         <input_file_ref idref="fl-10"/>
      </object_component>
      <object_component id="oc-225">
         <name>.debug_line</name>
         <load_address>0x3166</load_address>
         <run_address>0x3166</run_address>
         <size>0x5f</size>
         <input_file_ref idref="fl-10"/>
      </object_component>
      <object_component id="oc-25b">
         <name>.debug_line</name>
         <load_address>0x31c5</load_address>
         <run_address>0x31c5</run_address>
         <size>0x5b</size>
         <input_file_ref idref="fl-10"/>
      </object_component>
      <object_component id="oc-83">
         <name>.debug_line</name>
         <load_address>0x3220</load_address>
         <run_address>0x3220</run_address>
         <size>0x1f3</size>
         <input_file_ref idref="fl-11"/>
      </object_component>
      <object_component id="oc-302">
         <name>.debug_line</name>
         <load_address>0x3413</load_address>
         <run_address>0x3413</run_address>
         <size>0x20</size>
         <input_file_ref idref="fl-12"/>
      </object_component>
      <object_component id="oc-1cd">
         <name>.debug_line</name>
         <load_address>0x3433</load_address>
         <run_address>0x3433</run_address>
         <size>0x5e</size>
         <input_file_ref idref="fl-12"/>
      </object_component>
      <object_component id="oc-3a">
         <name>.debug_line</name>
         <load_address>0x3491</load_address>
         <run_address>0x3491</run_address>
         <size>0x4e</size>
         <input_file_ref idref="fl-13"/>
      </object_component>
      <object_component id="oc-1f">
         <name>.debug_line</name>
         <load_address>0x34df</load_address>
         <run_address>0x34df</run_address>
         <size>0x7b</size>
         <input_file_ref idref="fl-16"/>
      </object_component>
      <object_component id="oc-164">
         <name>.debug_line</name>
         <load_address>0x355a</load_address>
         <run_address>0x355a</run_address>
         <size>0x98</size>
         <input_file_ref idref="fl-17"/>
      </object_component>
      <object_component id="oc-95">
         <name>.debug_line</name>
[...]
         <value>0xd814</value>
         <object_component_ref idref="oc-132"/>
      </symbol>
      <symbol id="sm-87b">
         <name>MPU_xTaskGetHandle</name>
         <value>0xd20c</value>
         <object_component_ref idref="oc-132"/>
      </symbol>
      <symbol id="sm-87c">
         <name>MPU_xEventGroupSetBits</name>
         <value>0xd77c</value>
         <object_component_ref idref="oc-132"/>
      </symbol>
      <symbol id="sm-87d">
         <name>MPU_xTaskGenericNotify</name>
         <value>0xd328</value>
         <object_component_ref idref="oc-132"/>
      </symbol>
      <symbol id="sm-87e">
         <name>MPU_xTaskNotifyWait</name>
         <value>0xd37c</value>
         <object_component_ref idref="oc-132"/>
      </symbol>
      <symbol id="sm-87f">
         <name>MPU_uxQueueMessagesWaiting</name>
         <value>0xd58c</value>
         <object_component_ref idref="oc-132"/>
      </symbol>
      <symbol id="sm-880">
         <name>MPU_xQueueGenericSend</name>
         <value>0xd4e4</value>
         <object_component_ref idref="oc-132"/>
      </symbol>
      <symbol id="sm-881">
         <name>MPU_vTaskDelete</name>
         <value>0xcf7c</value>
         <object_component_ref idref="oc-132"/>
      </symbol>
      <symbol id="sm-882">
         <name>MPU_xTaskResumeAll</name>
         <value>0xd154</value>
         <object_component_ref idref="oc-132"/>
      </symbol>
      <symbol id="sm-883">
         <name>MPU_xEventGroupCreate</name>
         <value>0xd6b0</value>
         <object_component_ref idref="oc-132"/>
      </symbol>
      <symbol id="sm-884">
         <name>MPU_vTaskDelay</name>
         <value>0xcfa8</value>
         <object_component_ref idref="oc-132"/>
      </symbol>
      <symbol id="sm-885">
         <name>MPU_xTaskNotifyStateClear</name>
         <value>0xd414</value>
         <object_component_ref idref="oc-132"/>
      </symbol>
      <symbol id="sm-886">
         <name>MPU_ulTaskNotifyTake</name>
         <value>0xd3d0</value>
         <object_component_ref idref="oc-132"/>
      </symbol>
      <symbol id="sm-887">
         <name>MPU_xQueueGenericCreate</name>
         <value>0xd620</value>
         <object_component_ref idref="oc-132"/>
      </symbol>
      <symbol id="sm-888">
         <name>MPU_xTaskCheckForTimeOut</name>
         <value>0xd474</value>
         <object_component_ref idref="oc-132"/>
      </symbol>
      <symbol id="sm-889">
         <name>MPU_eTaskGetState</name>
         <value>0xd070</value>
         <object_component_ref idref="oc-132"/>
      </symbol>
      <symbol id="sm-88a">
         <name>MPU_vTaskSuspendAll</name>
         <value>0xd130</value>
         <object_component_ref idref="oc-132"/>
      </symbol>
      <symbol id="sm-88b">
         <name>MPU_xTaskGetIdleTaskHandle</name>
         <value>0xd2fc</value>
         <object_component_ref idref="oc-132"/>
      </symbol>
      <symbol id="sm-88c">
         <name>MPU_vTaskSetThreadLocalStoragePointer</name>
         <value>0xd274</value>
         <object_component_ref idref="oc-132"/>
      </symbol>
      <symbol id="sm-8ce">
         <name>vPortStoreTaskMPUSettings</name>
         <value>0x4bb8</value>
         <object_component_ref idref="oc-243"/>
      </symbol>
      <symbol id="sm-8cf">
         <name>ulTaskHasFPUContext</name>
         <value>0x8003088</value>
         <object_component_ref idref="oc-15f"/>
      </symbol>
      <symbol id="sm-8d0">
         <name>vPortEndScheduler</name>
         <value>0x4e4c</value>
         <object_component_ref idref="oc-243"/>
      </symbol>
      <symbol id="sm-8d1">
         <name>ulCriticalNesting</name>
         <value>0x8003084</value>
         <object_component_ref idref="oc-15f"/>
      </symbol>
      <symbol id="sm-8d2">
         <name>pxPortInitialiseStack</name>
         <value>0x4aa4</value>
         <object_component_ref idref="oc-243"/>
      </symbol>
      <symbol id="sm-8d3">
         <name>xPortStartScheduler</name>
         <value>0x4e2c</value>
         <object_component_ref idref="oc-243"/>
      </symbol>
      <symbol id="sm-8ee">
         <name>prvMpuSetRegion</name>
         <value>0x4a4c</value>
         <object_component_ref idref="oc-8f"/>
      </symbol>
      <symbol id="sm-8ef">
         <name>vPortStartFirstTask</name>
         <value>0x45f8</value>
         <object_component_ref idref="oc-8f"/>
      </symbol>
      <symbol id="sm-8f0">
         <name>vPortYeildWithinAPI</name>
         <value>0x4774</value>
         <object_component_ref idref="oc-8f"/>
      </symbol>
      <symbol id="sm-8f1">
         <name>vPortPreemptiveTick</name>
         <value>0x4868</value>
         <object_component_ref idref="oc-8f"/>
      </symbol>
      <symbol id="sm-8f2">
         <name>prvMpuDisable</name>
         <value>0x4a7c</value>
         <object_component_ref idref="oc-8f"/>
      </symbol>
      <symbol id="sm-8f3">
         <name>prvMpuEnable</name>
         <value>0x4a64</value>
         <object_component_ref idref="oc-8f"/>
      </symbol>
      <symbol id="sm-8f4">
         <name>vPortInitialiseFPSCR</name>
         <value>0x4968</value>
         <object_component_ref idref="oc-8f"/>
      </symbol>
      <symbol id="sm-8f5">
         <name>ulPortCountLeadingZeros</name>
         <value>0x4974</value>
         <object_component_ref idref="oc-8f"/>
      </symbol>
      <symbol id="sm-8f6">
         <name>vPortYieldProcessor</name>
         <value>0x4688</value>
         <object_component_ref idref="oc-8f"/>
      </symbol>
      <symbol id="sm-8f7">
         <name>vPortSWI</name>
         <value>0x497c</value>
         <object_component_ref idref="oc-8f"/>
      </symbol>
      <symbol id="sm-9b5">
         <name>xQueuePeekFromISR</name>
         <value>0x381c</value>
         <object_component_ref idref="oc-210"/>
      </symbol>
      <symbol id="sm-9b6">
         <name>xQueueIsQueueEmptyFromISR</name>
         <value>0x3cfc</value>
         <object_component_ref idref="oc-210"/>
      </symbol>
      <symbol id="sm-9b7">
         <name>xQueueGenericSendFromISR</name>
         <value>0x3100</value>
         <object_component_ref idref="oc-210"/>
      </symbol>
      <symbol id="sm-9b8">
         <name>uxQueueMessagesWaiting</name>
         <value>0x3910</value>
         <object_component_ref idref="oc-210"/>
      </symbol>
      <symbol id="sm-9b9">
         <name>xQueueIsQueueFullFromISR</name>
         <value>0x3d88</value>
         <object_component_ref idref="oc-210"/>
      </symbol>
      <symbol id="sm-9ba">
         <name>xQueueGenericCreate</name>
         <value>0x2d24</value>
         <object_component_ref idref="oc-210"/>
      </symbol>
      <symbol id="sm-9bb">
         <name>xQueueGenericSend</name>
         <value>0x2e40</value>
         <object_component_ref idref="oc-210"/>
      </symbol>
      <symbol id="sm-9bc">
         <name>xQueueGenericReset</name>
         <value>0x2bfc</value>
         <object_component_ref idref="oc-210"/>
      </symbol>
      <symbol id="sm-9bd">
         <name>xQueueReceiveFromISR</name>
         <value>0x36d4</value>
         <object_component_ref idref="oc-210"/>
      </symbol>
      <symbol id="sm-9be">
         <name>uxQueueSpacesAvailable</name>
         <value>0x3948</value>
         <object_component_ref idref="oc-210"/>
      </symbol>
      <symbol id="sm-9bf">
         <name>xQueueGiveFromISR</name>
         <value>0x3290</value>
         <object_component_ref idref="oc-210"/>
      </symbol>
      <symbol id="sm-9c0">
         <name>uxQueueMessagesWaitingFromISR</name>
         <value>0x3994</value>
         <object_component_ref idref="oc-210"/>
      </symbol>
      <symbol id="sm-9c1">
         <name>xQueueGenericReceive</name>
         <value>0x33fc</value>
         <object_component_ref idref="oc-210"/>
      </symbol>
      <symbol id="sm-9c2">
         <name>vQueueDelete</name>
         <value>0x39c4</value>
         <object_component_ref idref="oc-210"/>
      </symbol>
      <symbol id="sm-bac">
         <name>xTaskCreateRestricted</name>
         <value>0x20</value>
         <object_component_ref idref="oc-138"/>
      </symbol>
      <symbol id="sm-bad">
         <name>vTaskDelay</name>
         <value>0x80c</value>
         <object_component_ref idref="oc-138"/>
      </symbol>
      <symbol id="sm-bae">
         <name>vTaskSuspendAll</name>
         <value>0x10a0</value>
         <object_component_ref idref="oc-138"/>
      </symbol>
      <symbol id="sm-baf">
         <name>vTaskPlaceOnEventList</name>
         <value>0x1ad0</value>
         <object_component_ref idref="oc-138"/>
      </symbol>
      <symbol id="sm-bb0">
         <name>pvTaskGetThreadLocalStoragePointer</name>
         <value>0x1ff8</value>
         <object_component_ref idref="oc-138"/>
      </symbol>
      <symbol id="sm-bb1">
         <name>uxTaskPriorityGetFromISR</name>
         <value>0x9d8</value>
         <object_component_ref idref="oc-138"/>
      </symbol>
      <symbol id="sm-bb2">
         <name>ulTaskNotifyTake</name>
         <value>0x2390</value>
         <object_component_ref idref="oc-138"/>
      </symbol>
      <symbol id="sm-bb3">
         <name>pcTaskGetName</name>
         <value>0x1354</value>
         <object_component_ref idref="oc-138"/>
      </symbol>
      <symbol id="sm-bb4">
         <name>xTaskCheckForTimeOut</name>
         <value>0x1dd0</value>
         <object_component_ref idref="oc-138"/>
      </symbol>
      <symbol id="sm-bb5">
         <name>xTaskRemoveFromUnorderedEventList</name>
         <value>0x1c88</value>
         <object_component_ref idref="oc-138"/>
      </symbol>
      <symbol id="sm-bb6">
         <name>vTaskPrioritySet</name>
         <value>0xa20</value>
         <object_component_ref idref="oc-138"/>
      </symbol>
      <symbol id="sm-bb7">
         <name>vTaskAllocateMPURegions</name>
         <value>0x2064</value>
         <object_component_ref idref="oc-138"/>
      </symbol>
      <symbol id="sm-bb8">
         <name>xTaskAbortDelay</name>
         <value>0x16c8</value>
         <object_component_ref idref="oc-138"/>
      </symbol>
      <symbol id="sm-bb9">
         <name>vTaskStartScheduler</name>
         <value>0xfec</value>
         <object_component_ref idref="oc-138"/>
      </symbol>
      <symbol id="sm-bba">
         <name>xTaskNotifyStateClear</name>
         <value>0x113f4</value>
         <object_component_ref idref="oc-20a"/>
      </symbol>
      <symbol id="sm-bbb">
         <name>uxTaskGetStackHighWaterMark</name>
         <value>0x223c</value>
         <object_component_ref idref="oc-138"/>
      </symbol>
      <symbol id="sm-bbc">
         <name>vTaskSetThreadLocalStoragePointer</name>
         <value>0x1f94</value>
         <object_component_ref idref="oc-138"/>
      </symbol>
      <symbol id="sm-bbd">
         <name>xTaskGenericNotify</name>
         <value>0x2580</value>
         <object_component_ref idref="oc-138"/>
      </symbol>
      <symbol id="sm-bbe">
         <name>xTaskCreate</name>
         <value>0xfc</value>
         <object_component_ref idref="oc-138"/>
      </symbol>
      <symbol id="sm-bbf">
         <name>vTaskDelayUntil</name>
         <value>0x6a0</value>
         <object_component_ref idref="oc-138"/>
      </symbol>
      <symbol id="sm-bc0">
         <name>vTaskEndScheduler</name>
         <value>0x1084</value>
         <object_component_ref idref="oc-138"/>
      </symbol>
      <symbol id="sm-bc1">
         <name>xTaskNotifyWait</name>
         <value>0x2468</value>
         <object_component_ref idref="oc-138"/>
      </symbol>
      <symbol id="sm-bc2">
         <name>vTaskMissedYield</name>
         <value>0x1f08</value>
         <object_component_ref idref="oc-138"/>
      </symbol>
      <symbol id="sm-bc3">
         <name>uxTaskGetNumberOfTasks</name>
         <value>0x1348</value>
         <object_component_ref idref="oc-138"/>
      </symbol>
      <symbol id="sm-bc4">
         <name>xTaskGenericNotifyFromISR</name>
         <value>0x2754</value>
         <object_component_ref idref="oc-138"/>
      </symbol>
      <symbol id="sm-bc5">
         <name>uxTaskPriorityGet</name>
         <value>0x994</value>
         <object_component_ref idref="oc-138"/>
      </symbol>
      <symbol id="sm-bc6">
         <name>vTaskStepTick</name>
         <value>0x166c</value>
         <object_component_ref idref="oc-138"/>
      </symbol>
      <symbol id="sm-bc7">
         <name>xTaskResumeAll</name>
         <value>0x1158</value>
         <object_component_ref idref="oc-138"/>
      </symbol>
      <symbol id="sm-bc8">
         <name>xTaskGetHandle</name>
         <value>0x152c</value>
         <object_component_ref idref="oc-138"/>
      </symbol>
      <symbol id="sm-bc9">
         <name>xTaskGetTickCount</name>
         <value>0x1308</value>
         <object_component_ref idref="oc-138"/>
      </symbol>
      <symbol id="sm-bca">
         <name>vTaskDelete</name>
         <value>0x538</value>
         <object_component_ref idref="oc-138"/>
      </symbol>
      <symbol id="sm-bcb">
         <name>pxCurrentTCB</name>
         <value>0x80008d0</value>
         <object_component_ref idref="oc-15c"/>
      </symbol>
      <symbol id="sm-bcc">
         <name>vTaskNotifyGiveFromISR</name>
         <value>0x2954</value>
         <object_component_ref idref="oc-138"/>
      </symbol>
      <symbol id="sm-bcd">
         <name>eTaskGetState</name>
         <value>0x890</value>
         <object_component_ref idref="oc-138"/>
      </symbol>
      <symbol id="sm-bce">
         <name>vTaskSuspend</name>
         <value>0xc18</value>
         <object_component_ref idref="oc-138"/>
      </symbol>
      <symbol id="sm-bcf">
         <name>xTaskGetIdleTaskHandle</name>
         <value>0x1634</value>
         <object_component_ref idref="oc-138"/>
      </symbol>
      <symbol id="sm-bd0">
         <name>xTaskGetTickCountFromISR</name>
         <value>0x1324</value>
         <object_component_ref idref="oc-138"/>
      </symbol>
      <symbol id="sm-bd1">
         <name>vTaskResume</name>
         <value>0xe20</value>
         <object_component_ref idref="oc-138"/>
      </symbol>
      <symbol id="sm-bd2">
         <name>vTaskSetTimeOutState</name>
         <value>0x1d90</value>
         <object_component_ref idref="oc-138"/>
      </symbol>
      <symbol id="sm-bd3">
         <name>xTaskIncrementTick</name>
         <value>0x17c8</value>
         <object_component_ref idref="oc-138"/>
      </symbol>
      <symbol id="sm-bd4">
         <name>vTaskSwitchContext</name>
         <value>0x19f0</value>
         <object_component_ref idref="oc-138"/>
      </symbol>
      <symbol id="sm-bd5">
         <name>uxTaskResetEventItemValue</name>
         <value>0x2354</value>
         <object_component_ref idref="oc-138"/>
      </symbol>
      <symbol id="sm-bd6">
         <name>xTaskGetSchedulerState</name>
         <value>0x2304</value>
         <object_component_ref idref="oc-138"/>
      </symbol>
      <symbol id="sm-bd7">
         <name>xTaskResumeFromISR</name>
         <value>0xf04</value>
         <object_component_ref idref="oc-138"/>
      </symbol>
      <symbol id="sm-bd8">
         <name>vTaskPlaceOnUnorderedEventList</name>
         <value>0x1b14</value>
         <object_component_ref idref="oc-138"/>
      </symbol>
      <symbol id="sm-bd9">
         <name>xTaskRemoveFromEventList</name>
         <value>0x1b98</value>
         <object_component_ref idref="oc-138"/>
      </symbol>
      <symbol id="sm-bda">
         <name>eTaskConfirmSleepModeStatus</name>
         <value>0x1f18</value>
         <object_component_ref idref="oc-138"/>
      </symbol>
      <symbol id="sm-c00">
         <name>floorl</name>
         <value>0x11470</value>
         <object_component_ref idref="oc-1e5"/>
      </symbol>
      <symbol id="sm-c01">
         <name>floor</name>
         <value>0x11470</value>
         <object_component_ref idref="oc-1e5"/>
      </symbol>
      <symbol id="sm-c1a">
         <name>memcpy</name>
         <value>0x11014</value>
         <object_component_ref idref="oc-52"/>
      </symbol>
      <symbol id="sm-c1b">
         <name>__aeabi_memcpy</name>
         <value>0x11014</value>
         <object_component_ref idref="oc-52"/>
      </symbol>
      <symbol id="sm-c1c">
         <name>__aeabi_memcpy8</name>
         <value>0x11014</value>
         <object_component_ref idref="oc-52"/>
      </symbol>
      <symbol id="sm-c1d">
         <name>__aeabi_memcpy4</name>
         <value>0x11014</value>
         <object_component_ref idref="oc-52"/>
      </symbol>
      <symbol id="sm-c2c">
         <name>__aeabi_memset</name>
         <value>0x1189c</value>
         <object_component_ref idref="oc-c1"/>
      </symbol>
      <symbol id="sm-c2d">
         <name>memset</name>
         <value>0x118a8</value>
         <object_component_ref idref="oc-c1"/>
      </symbol>
      <symbol id="sm-c2e">
         <name>__aeabi_memset8</name>
         <value>0x1189c</value>
         <object_component_ref idref="oc-c1"/>
      </symbol>
      <symbol id="sm-c2f">
         <name>__aeabi_memset4</name>
         <value>0x1189c</value>
         <object_component_ref idref="oc-c1"/>
      </symbol>
      <symbol id="sm-c30">
         <name>__aeabi_memclr8</name>
         <value>0x11898</value>
         <object_component_ref idref="oc-c1"/>
      </symbol>
      <symbol id="sm-c31">
         <name>__aeabi_memclr4</name>
         <value>0x11898</value>
         <object_component_ref idref="oc-c1"/>
      </symbol>
      <symbol id="sm-c32">
         <name>__aeabi_memclr</name>
         <value>0x11898</value>
         <object_component_ref idref="oc-c1"/>
      </symbol>
      <symbol id="sm-c5a">
         <name>__TI_auto_init_nobinit_nopinit</name>
         <value>0x119d8</value>
         <object_component_ref idref="oc-e4"/>
      </symbol>
      <symbol id="sm-c72">
         <name>__TI_zero_init</name>
         <value>0x11a74</value>
         <object_component_ref idref="oc-64"/>
      </symbol>
      <symbol id="sm-c89">
         <name>__TI_decompress_none</name>
         <value>0x11a60</value>
         <object_component_ref idref="oc-14"/>
      </symbol>
      <symbol id="sm-cac">
         <name>__TI_decompress_lzss</name>
         <value>0x11948</value>
         <object_component_ref idref="oc-e"/>
      </symbol>
      <symbol id="sm-cb7">
         <name>C$$EXIT</name>
         <value>0x11a84</value>
         <object_component_ref idref="oc-150"/>
      </symbol>
      <symbol id="sm-cb8">
         <name>abort</name>
         <value>0x11a84</value>
         <object_component_ref idref="oc-150"/>
      </symbol>
      <symbol id="sm-cc7">
         <name>strlen</name>
         <value>0x11a40</value>
         <object_component_ref idref="oc-24c"/>
      </symbol>
      <symbol id="sm-cc8">
         <name>__TI_static_base__</name>
         <value>0x0</value>
      </symbol>
      <symbol id="sm-ccc">
         <name>SHT$$INIT_ARRAY$$Base</name>
         <value>0x0</value>
      </symbol>
      <symbol id="sm-ccd">
         <name>SHT$$INIT_ARRAY$$Limit</name>
         <value>0x0</value>
      </symbol>
      <symbol id="sm-cce">
         <name>_system_post_cinit</name>
         <value>0x0</value>
      </symbol>
   </symbol_table>
   <title>Link successful</title>
</link_info>
