<?xml version="1.0" encoding="ISO-8859-1" ?>
<link_info>
   <banner>TI ARM Linker PC v18.1.1.LTS</banner>
   <copyright>Copyright (c) 1996-2017 Texas Instruments Incorporated</copyright>
   <link_time>0x5bb2ac10</link_time>
   <link_errors>0x0</link_errors>
   <output_file>RTOS_QUADCOPTER.out</output_file>
   <entry_point>
      <name>_c_int00</name>
      <address>0x17d4c</address>
   </entry_point>
   <input_file_list>
      <input_file id="fl-2">
         <path>.\source\</path>
         <kind>object</kind>
         <file>HL_ecap.obj</file>
         <name>HL_ecap.obj</name>
      </input_file>
      <input_file id="fl-3">
         <path>.\source\</path>
         <kind>object</kind>
         <file>HL_epc.obj</file>
         <name>HL_epc.obj</name>
      </input_file>
      <input_file id="fl-4">
         <path>.\source\</path>
         <kind>object</kind>
         <file>HL_errata.obj</file>
         <name>HL_errata.obj</name>
      </input_file>
      <input_file id="fl-5">
         <path>.\source\</path>
         <kind>object</kind>
         <file>HL_esm.obj</file>
         <name>HL_esm.obj</name>
      </input_file>
      <input_file id="fl-6">
         <path>.\source\</path>
         <kind>object</kind>
         <file>HL_etpwm.obj</file>
         <name>HL_etpwm.obj</name>
      </input_file>
      <input_file id="fl-7">
         <path>.\source\</path>
         <kind>object</kind>
         <file>HL_i2c.obj</file>
         <name>HL_i2c.obj</name>
      </input_file>
      <input_file id="fl-8">
         <path>.\source\</path>
         <kind>object</kind>
         <file>HL_nmpu.obj</file>
         <name>HL_nmpu.obj</name>
      </input_file>
      <input_file id="fl-9">
         <path>.\source\</path>
         <kind>object</kind>
         <file>HL_notification.obj</file>
         <name>HL_notification.obj</name>
      </input_file>
      <input_file id="fl-a">
         <path>.\source\</path>
         <kind>object</kind>
         <file>HL_pinmux.obj</file>
         <name>HL_pinmux.obj</name>
      </input_file>
      <input_file id="fl-b">
         <path>.\source\</path>
         <kind>object</kind>
         <file>HL_sci.obj</file>
         <name>HL_sci.obj</name>
      </input_file>
      <input_file id="fl-c">
         <path>.\source\</path>
         <kind>object</kind>
         <file>HL_sys_core.obj</file>
         <name>HL_sys_core.obj</name>
      </input_file>
      <input_file id="fl-d">
         <path>.\source\</path>
         <kind>object</kind>
         <file>HL_sys_dma.obj</file>
         <name>HL_sys_dma.obj</name>
      </input_file>
      <input_file id="fl-e">
         <path>.\source\</path>
         <kind>object</kind>
         <file>HL_sys_intvecs.obj</file>
         <name>HL_sys_intvecs.obj</name>
      </input_file>
      <input_file id="fl-f">
         <path>.\source\</path>
         <kind>object</kind>
         <file>HL_sys_main.obj</file>
         <name>HL_sys_main.obj</name>
      </input_file>
      <input_file id="fl-10">
         <path>.\source\</path>
         <kind>object</kind>
         <file>HL_sys_mpu.obj</file>
         <name>HL_sys_mpu.obj</name>
      </input_file>
      <input_file id="fl-11">
         <path>.\source\</path>
         <kind>object</kind>
         <file>HL_sys_pcr.obj</file>
         <name>HL_sys_pcr.obj</name>
      </input_file>
      <input_file id="fl-12">
         <path>.\source\</path>
         <kind>object</kind>
         <file>HL_sys_phantom.obj</file>
         <name>HL_sys_phantom.obj</name>
      </input_file>
      <input_file id="fl-13">
         <path>.\source\</path>
         <kind>object</kind>
         <file>HL_sys_pmm.obj</file>
         <name>HL_sys_pmm.obj</name>
      </input_file>
      <input_file id="fl-14">
         <path>.\source\</path>
         <kind>object</kind>
         <file>HL_sys_pmu.obj</file>
         <name>HL_sys_pmu.obj</name>
      </input_file>
      <input_file id="fl-15">
         <path>.\source\</path>
         <kind>object</kind>
         <file>HL_sys_startup.obj</file>
         <name>HL_sys_startup.obj</name>
      </input_file>
      <input_file id="fl-16">
         <path>.\source\</path>
         <kind>object</kind>
         <file>HL_sys_vim.obj</file>
         <name>HL_sys_vim.obj</name>
      </input_file>
      <input_file id="fl-17">
         <path>.\source\</path>
         <kind>object</kind>
         <file>HL_system.obj</file>
         <name>HL_system.obj</name>
      </input_file>
      <input_file id="fl-18">
         <path>.\source\</path>
         <kind>object</kind>
         <file>os_croutine.obj</file>
         <name>os_croutine.obj</name>
      </input_file>
      <input_file id="fl-19">
         <path>.\source\</path>
         <kind>object</kind>
         <file>os_event_groups.obj</file>
         <name>os_event_groups.obj</name>
      </input_file>
      <input_file id="fl-1a">
         <path>.\source\</path>
         <kind>object</kind>
         <file>os_heap.obj</file>
         <name>os_heap.obj</name>
      </input_file>
      <input_file id="fl-1b">
         <path>.\source\</path>
         <kind>object</kind>
         <file>os_list.obj</file>
         <name>os_list.obj</name>
      </input_file>
      <input_file id="fl-1c">
         <path>.\source\</path>
         <kind>object</kind>
         <file>os_mpu_wrappers.obj</file>
         <name>os_mpu_wrappers.obj</name>
      </input_file>
      <input_file id="fl-1d">
         <path>.\source\</path>
         <kind>object</kind>
         <file>os_port.obj</file>
         <name>os_port.obj</name>
      </input_file>
      <input_file id="fl-1e">
         <path>.\source\</path>
         <kind>object</kind>
         <file>os_portasm.obj</file>
         <name>os_portasm.obj</name>
      </input_file>
      <input_file id="fl-1f">
         <path>.\source\</path>
         <kind>object</kind>
         <file>os_queue.obj</file>
         <name>os_queue.obj</name>
      </input_file>
      <input_file id="fl-20">
         <path>.\source\</path>
         <kind>object</kind>
         <file>os_tasks.obj</file>
         <name>os_tasks.obj</name>
      </input_file>
      <input_file id="fl-21">
         <path>.\source\</path>
         <kind>object</kind>
         <file>os_timer.obj</file>
         <name>os_timer.obj</name>
      </input_file>
      <input_file id="fl-25">
         <kind>object</kind>
         <file>&lt;internal&gt;</file>
         <name>&lt;internal&gt;</name>
      </input_file>
      <input_file id="fl-db">
         <path>C:\ti\ccsv8\tools\compiler\ti-cgt-arm_18.1.1.LTS\lib\</path>
         <kind>archive</kind>
         <file>rtsv7R4_A_be_v3D16_eabi.lib</file>
         <name>e_asin.c.obj</name>
      </input_file>
      <input_file id="fl-dc">
         <path>C:\ti\ccsv8\tools\compiler\ti-cgt-arm_18.1.1.LTS\lib\</path>
         <kind>archive</kind>
         <file>rtsv7R4_A_be_v3D16_eabi.lib</file>
         <name>e_pow.c.obj</name>
      </input_file>
      <input_file id="fl-dd">
         <path>C:\ti\ccsv8\tools\compiler\ti-cgt-arm_18.1.1.LTS\lib\</path>
         <kind>archive</kind>
         <file>rtsv7R4_A_be_v3D16_eabi.lib</file>
         <name>e_sqrt.c.obj</name>
      </input_file>
      <input_file id="fl-de">
         <path>C:\ti\ccsv8\tools\compiler\ti-cgt-arm_18.1.1.LTS\lib\</path>
         <kind>archive</kind>
         <file>rtsv7R4_A_be_v3D16_eabi.lib</file>
         <name>s_floor.c.obj</name>
      </input_file>
      <input_file id="fl-df">
         <path>C:\ti\ccsv8\tools\compiler\ti-cgt-arm_18.1.1.LTS\lib\</path>
         <kind>archive</kind>
         <file>rtsv7R4_A_be_v3D16_eabi.lib</file>
         <name>s_scalbn.c.obj</name>
      </input_file>
      <input_file id="fl-e0">
         <path>C:\ti\ccsv8\tools\compiler\ti-cgt-arm_18.1.1.LTS\lib\</path>
         <kind>archive</kind>
         <file>rtsv7R4_A_be_v3D16_eabi.lib</file>
         <name>s_sin.c.obj</name>
      </input_file>
      <input_file id="fl-e1">
         <path>C:\ti\ccsv8\tools\compiler\ti-cgt-arm_18.1.1.LTS\lib\</path>
         <kind>archive</kind>
         <file>rtsv7R4_A_be_v3D16_eabi.lib</file>
         <name>i_div32.asm.obj</name>
      </input_file>
      <input_file id="fl-e2">
         <path>C:\ti\ccsv8\tools\compiler\ti-cgt-arm_18.1.1.LTS\lib\</path>
         <kind>archive</kind>
         <file>rtsv7R4_A_be_v3D16_eabi.lib</file>
         <name>memcpy32.asm.obj</name>
      </input_file>
      <input_file id="fl-e3">
         <path>C:\ti\ccsv8\tools\compiler\ti-cgt-arm_18.1.1.LTS\lib\</path>
         <kind>archive</kind>
         <file>rtsv7R4_A_be_v3D16_eabi.lib</file>
         <name>memset32.asm.obj</name>
      </input_file>
      <input_file id="fl-e4">
         <path>C:\ti\ccsv8\tools\compiler\ti-cgt-arm_18.1.1.LTS\lib\</path>
         <kind>archive</kind>
         <file>rtsv7R4_A_be_v3D16_eabi.lib</file>
         <name>autoinit.c.obj</name>
      </input_file>
      <input_file id="fl-e5">
         <path>C:\ti\ccsv8\tools\compiler\ti-cgt-arm_18.1.1.LTS\lib\</path>
         <kind>archive</kind>
         <file>rtsv7R4_A_be_v3D16_eabi.lib</file>
         <name>cpy_tbl.c.obj</name>
      </input_file>
      <input_file id="fl-e6">
         <path>C:\ti\ccsv8\tools\compiler\ti-cgt-arm_18.1.1.LTS\lib\</path>
         <kind>archive</kind>
         <file>rtsv7R4_A_be_v3D16_eabi.lib</file>
         <name>copy_zero_init.c.obj</name>
      </input_file>
      <input_file id="fl-e7">
         <path>C:\ti\ccsv8\tools\compiler\ti-cgt-arm_18.1.1.LTS\lib\</path>
         <kind>archive</kind>
         <file>rtsv7R4_A_be_v3D16_eabi.lib</file>
         <name>copy_decompress_none.c.obj</name>
      </input_file>
      <input_file id="fl-e8">
         <path>C:\ti\ccsv8\tools\compiler\ti-cgt-arm_18.1.1.LTS\lib\</path>
         <kind>archive</kind>
         <file>rtsv7R4_A_be_v3D16_eabi.lib</file>
         <name>copy_decompress_lzss.c.obj</name>
      </input_file>
      <input_file id="fl-e9">
         <path>C:\ti\ccsv8\tools\compiler\ti-cgt-arm_18.1.1.LTS\lib\</path>
         <kind>archive</kind>
         <file>rtsv7R4_A_be_v3D16_eabi.lib</file>
         <name>exit.c.obj</name>
      </input_file>
      <input_file id="fl-ea">
         <path>C:\ti\ccsv8\tools\compiler\ti-cgt-arm_18.1.1.LTS\lib\</path>
         <kind>archive</kind>
         <file>rtsv7R4_A_be_v3D16_eabi.lib</file>
         <name>_lock.c.obj</name>
      </input_file>
      <input_file id="fl-eb">
         <path>C:\ti\ccsv8\tools\compiler\ti-cgt-arm_18.1.1.LTS\lib\</path>
         <kind>archive</kind>
         <file>rtsv7R4_A_be_v3D16_eabi.lib</file>
         <name>clock.c.obj</name>
      </input_file>
      <input_file id="fl-ec">
         <path>C:\ti\ccsv8\tools\compiler\ti-cgt-arm_18.1.1.LTS\lib\</path>
         <kind>archive</kind>
         <file>rtsv7R4_A_be_v3D16_eabi.lib</file>
         <name>sprintf.c.obj</name>
      </input_file>
      <input_file id="fl-ed">
         <path>C:\ti\ccsv8\tools\compiler\ti-cgt-arm_18.1.1.LTS\lib\</path>
         <kind>archive</kind>
         <file>rtsv7R4_A_be_v3D16_eabi.lib</file>
         <name>strlen.c.obj</name>
      </input_file>
      <input_file id="fl-ee">
         <path>C:\ti\ccsv8\tools\compiler\ti-cgt-arm_18.1.1.LTS\lib\</path>
         <kind>archive</kind>
         <file>rtsv7R4_A_be_v3D16_eabi.lib</file>
         <name>hostclock.c.obj</name>
      </input_file>
      <input_file id="fl-ef">
         <path>C:\ti\ccsv8\tools\compiler\ti-cgt-arm_18.1.1.LTS\lib\</path>
         <kind>archive</kind>
         <file>rtsv7R4_A_be_v3D16_eabi.lib</file>
         <name>hostopen.c.obj</name>
      </input_file>
      <input_file id="fl-f0">
         <path>C:\ti\ccsv8\tools\compiler\ti-cgt-arm_18.1.1.LTS\lib\</path>
         <kind>archive</kind>
         <file>rtsv7R4_A_be_v3D16_eabi.lib</file>
         <name>trgmsg.c.obj</name>
      </input_file>
      <input_file id="fl-f1">
         <path>C:\ti\ccsv8\tools\compiler\ti-cgt-arm_18.1.1.LTS\lib\</path>
         <kind>archive</kind>
         <file>rtsv7R4_A_be_v3D16_eabi.lib</file>
         <name>errno.c.obj</name>
      </input_file>
      <input_file id="fl-f2">
         <path>C:\ti\ccsv8\tools\compiler\ti-cgt-arm_18.1.1.LTS\lib\</path>
         <kind>archive</kind>
         <file>rtsv7R4_A_be_v3D16_eabi.lib</file>
         <name>s_copysign.c.obj</name>
      </input_file>
      <input_file id="fl-f3">
         <path>C:\ti\ccsv8\tools\compiler\ti-cgt-arm_18.1.1.LTS\lib\</path>
         <kind>archive</kind>
         <file>rtsv7R4_A_be_v3D16_eabi.lib</file>
         <name>k_rem_pio2.c.obj</name>
      </input_file>
      <input_file id="fl-f4">
         <path>C:\ti\ccsv8\tools\compiler\ti-cgt-arm_18.1.1.LTS\lib\</path>
         <kind>archive</kind>
         <file>rtsv7R4_A_be_v3D16_eabi.lib</file>
         <name>k_cos.c.obj</name>
      </input_file>
      <input_file id="fl-f5">
         <path>C:\ti\ccsv8\tools\compiler\ti-cgt-arm_18.1.1.LTS\lib\</path>
         <kind>archive</kind>
         <file>rtsv7R4_A_be_v3D16_eabi.lib</file>
         <name>k_sin.c.obj</name>
      </input_file>
      <input_file id="fl-f6">
         <path>C:\ti\ccsv8\tools\compiler\ti-cgt-arm_18.1.1.LTS\lib\</path>
         <kind>archive</kind>
         <file>rtsv7R4_A_be_v3D16_eabi.lib</file>
         <name>div0.asm.obj</name>
      </input_file>
      <input_file id="fl-f7">
         <path>C:\ti\ccsv8\tools\compiler\ti-cgt-arm_18.1.1.LTS\lib\</path>
         <kind>archive</kind>
         <file>rtsv7R4_A_be_v3D16_eabi.lib</file>
         <name>_printfi.c.obj</name>
      </input_file>
      <input_file id="fl-f8">
         <path>C:\ti\ccsv8\tools\compiler\ti-cgt-arm_18.1.1.LTS\lib\</path>
         <kind>archive</kind>
         <file>rtsv7R4_A_be_v3D16_eabi.lib</file>
         <name>atoi.c.obj</name>
      </input_file>
      <input_file id="fl-f9">
         <path>C:\ti\ccsv8\tools\compiler\ti-cgt-arm_18.1.1.LTS\lib\</path>
         <kind>archive</kind>
         <file>rtsv7R4_A_be_v3D16_eabi.lib</file>
         <name>ctype.c.obj</name>
      </input_file>
      <input_file id="fl-fa">
         <path>C:\ti\ccsv8\tools\compiler\ti-cgt-arm_18.1.1.LTS\lib\</path>
         <kind>archive</kind>
         <file>rtsv7R4_A_be_v3D16_eabi.lib</file>
         <name>ltoa.c.obj</name>
      </input_file>
      <input_file id="fl-fb">
         <path>C:\ti\ccsv8\tools\compiler\ti-cgt-arm_18.1.1.LTS\lib\</path>
         <kind>archive</kind>
         <file>rtsv7R4_A_be_v3D16_eabi.lib</file>
         <name>memccpy.c.obj</name>
      </input_file>
      <input_file id="fl-fc">
         <path>C:\ti\ccsv8\tools\compiler\ti-cgt-arm_18.1.1.LTS\lib\</path>
         <kind>archive</kind>
         <file>rtsv7R4_A_be_v3D16_eabi.lib</file>
         <name>strchr.c.obj</name>
      </input_file>
      <input_file id="fl-fd">
         <path>C:\ti\ccsv8\tools\compiler\ti-cgt-arm_18.1.1.LTS\lib\</path>
         <kind>archive</kind>
         <file>rtsv7R4_A_be_v3D16_eabi.lib</file>
         <name>s_frexp.c.obj</name>
      </input_file>
      <input_file id="fl-fe">
         <path>C:\ti\ccsv8\tools\compiler\ti-cgt-arm_18.1.1.LTS\lib\</path>
         <kind>archive</kind>
         <file>rtsv7R4_A_be_v3D16_eabi.lib</file>
         <name>wcslen.c.obj</name>
      </input_file>
      <input_file id="fl-ff">
         <path>C:\ti\ccsv8\tools\compiler\ti-cgt-arm_18.1.1.LTS\lib\</path>
         <kind>archive</kind>
         <file>rtsv7R4_A_be_v3D16_eabi.lib</file>
         <name>u_div32.asm.obj</name>
      </input_file>
      <input_file id="fl-100">
         <path>C:\ti\ccsv8\tools\compiler\ti-cgt-arm_18.1.1.LTS\lib\</path>
         <kind>archive</kind>
         <file>rtsv7R4_A_be_v3D16_eabi.lib</file>
         <name>ull_div32.asm.obj</name>
      </input_file>
   </input_file_list>
   <object_component_list>
      <object_component id="oc-30">
         <name>.intvecs</name>
         <load_address>0x0</load_address>
         <run_address>0x0</run_address>
         <size>0x20</size>
         <input_file_ref idref="fl-e"/>
      </object_component>
      <object_component id="oc-193">
         <name>.kernelTEXT</name>
         <load_address>0x20</load_address>
         <run_address>0x20</run_address>
         <size>0x2bdc</size>
         <input_file_ref idref="fl-20"/>
      </object_component>
      <object_component id="oc-30f">
         <name>.kernelTEXT</name>
         <load_address>0x2bfc</load_address>
         <run_address>0x2bfc</run_address>
         <size>0x11dc</size>
         <input_file_ref idref="fl-1f"/>
      </object_component>
      <object_component id="oc-315">
         <name>.kernelTEXT</name>
         <load_address>0x3dd8</load_address>
         <run_address>0x3dd8</run_address>
         <size>0x81c</size>
         <input_file_ref idref="fl-19"/>
      </object_component>
      <object_component id="oc-8f">
         <name>.kernelTEXT</name>
         <load_address>0x45f4</load_address>
         <run_address>0x45f4</run_address>
         <size>0x4b0</size>
         <input_file_ref idref="fl-1e"/>
      </object_component>
      <object_component id="oc-334">
         <name>.kernelTEXT</name>
         <load_address>0x4aa4</load_address>
         <run_address>0x4aa4</run_address>
         <size>0x3dc</size>
         <input_file_ref idref="fl-1d"/>
      </object_component>
      <object_component id="oc-328">
         <name>.kernelTEXT</name>
         <load_address>0x4e80</load_address>
         <run_address>0x4e80</run_address>
         <size>0x380</size>
         <input_file_ref idref="fl-1a"/>
      </object_component>
      <object_component id="oc-54a">
         <name>.cinit..data.load</name>
         <load_address>0x5200</load_address>
         <run_address>0x5200</run_address>
         <size>0x4f</size>
      </object_component>
      <object_component id="oc-545">
         <name>__TI_handler_table</name>
         <load_address>0x5250</load_address>
         <run_address>0x5250</run_address>
         <size>0xc</size>
      </object_component>
      <object_component id="oc-547">
         <name>.cinit..kernelBSS.load</name>
         <load_address>0x525c</load_address>
         <run_address>0x525c</run_address>
         <size>0x9</size>
      </object_component>
      <object_component id="oc-549">
         <name>.cinit..bss.load</name>
         <load_address>0x5268</load_address>
         <run_address>0x5268</run_address>
         <size>0x8</size>
      </object_component>
      <object_component id="oc-548">
         <name>.cinit..kernelHEAP.load</name>
         <load_address>0x5270</load_address>
         <run_address>0x5270</run_address>
         <size>0x8</size>
      </object_component>
      <object_component id="oc-546">
         <name>__TI_cinit_table</name>
         <load_address>0x5278</load_address>
         <run_address>0x5278</run_address>
         <size>0x20</size>
      </object_component>
      <object_component id="oc-87">
         <name>.text</name>
         <load_address>0x8020</load_address>
         <run_address>0x8020</run_address>
         <size>0x32a4</size>
         <input_file_ref idref="fl-f"/>
      </object_component>
      <object_component id="oc-157">
         <name>.text</name>
         <load_address>0xb2c4</load_address>
         <run_address>0xb2c4</run_address>
         <size>0x2750</size>
         <input_file_ref idref="fl-6"/>
      </object_component>
      <object_component id="oc-126">
         <name>.text</name>
         <load_address>0xda14</load_address>
         <run_address>0xda14</run_address>
         <size>0xff4</size>
         <input_file_ref idref="fl-b"/>
      </object_component>
      <object_component id="oc-259">
         <name>.text:__TI_printfi</name>
         <load_address>0xea08</load_address>
         <run_address>0xea08</run_address>
         <size>0xf9c</size>
         <input_file_ref idref="fl-f7"/>
      </object_component>
      <object_component id="oc-114">
         <name>.text</name>
         <load_address>0xf9a4</load_address>
         <run_address>0xf9a4</run_address>
         <size>0xcdc</size>
         <input_file_ref idref="fl-7"/>
      </object_component>
      <object_component id="oc-cf">
         <name>.text</name>
         <load_address>0x10680</load_address>
         <run_address>0x10680</run_address>
         <size>0x9f0</size>
         <input_file_ref idref="fl-a"/>
      </object_component>
      <object_component id="oc-180">
         <name>.text</name>
         <load_address>0x11070</load_address>
         <run_address>0x11070</run_address>
         <size>0x9a0</size>
         <input_file_ref idref="fl-1c"/>
      </object_component>
      <object_component id="oc-75">
         <name>.text</name>
         <load_address>0x11a10</load_address>
         <run_address>0x11a10</run_address>
         <size>0x95c</size>
         <input_file_ref idref="fl-17"/>
      </object_component>
      <object_component id="oc-18d">
         <name>.text</name>
         <load_address>0x1236c</load_address>
         <run_address>0x1236c</run_address>
         <size>0x93c</size>
         <input_file_ref idref="fl-2"/>
      </object_component>
      <object_component id="oc-3c">
         <name>.text</name>
         <load_address>0x12ca8</load_address>
         <run_address>0x12ca8</run_address>
         <size>0x93c</size>
         <input_file_ref idref="fl-16"/>
      </object_component>
      <object_component id="oc-137">
         <name>.text:pow</name>
         <load_address>0x135e4</load_address>
         <run_address>0x135e4</run_address>
         <size>0x7d0</size>
         <input_file_ref idref="fl-dc"/>
      </object_component>
      <object_component id="oc-28b">
         <name>.text:__kernel_rem_pio2</name>
         <load_address>0x13db4</load_address>
         <run_address>0x13db4</run_address>
         <size>0x790</size>
         <input_file_ref idref="fl-f3"/>
      </object_component>
      <object_component id="oc-7b">
         <name>.text</name>
         <load_address>0x14544</load_address>
         <run_address>0x14544</run_address>
         <size>0x78c</size>
         <input_file_ref idref="fl-5"/>
      </object_component>
      <object_component id="oc-131">
         <name>.text:sin</name>
         <load_address>0x14cd0</load_address>
         <run_address>0x14cd0</run_address>
         <size>0x4d0</size>
         <input_file_ref idref="fl-e0"/>
      </object_component>
      <object_component id="oc-6a">
         <name>.text</name>
         <load_address>0x151a0</load_address>
         <run_address>0x151a0</run_address>
         <size>0x3c4</size>
         <input_file_ref idref="fl-c"/>
      </object_component>
      <object_component id="oc-81">
         <name>.text</name>
         <load_address>0x15564</load_address>
         <run_address>0x15564</run_address>
         <size>0x36c</size>
         <input_file_ref idref="fl-10"/>
      </object_component>
      <object_component id="oc-3b">
         <name>.text:retain</name>
         <load_address>0x158d0</load_address>
         <run_address>0x158d0</run_address>
         <size>0x33c</size>
         <input_file_ref idref="fl-16"/>
      </object_component>
      <object_component id="oc-21">
         <name>.text:retain</name>
         <load_address>0x15c0c</load_address>
         <run_address>0x15c0c</run_address>
         <size>0x330</size>
         <input_file_ref idref="fl-2"/>
      </object_component>
      <object_component id="oc-398">
         <name>.text:_pconv_a</name>
         <load_address>0x15f3c</load_address>
         <run_address>0x15f3c</run_address>
         <size>0x2dc</size>
         <input_file_ref idref="fl-f7"/>
      </object_component>
      <object_component id="oc-143">
         <name>.text:asin</name>
         <load_address>0x16218</load_address>
         <run_address>0x16218</run_address>
         <size>0x2d8</size>
         <input_file_ref idref="fl-db"/>
      </object_component>
      <object_component id="oc-464">
         <name>.text</name>
         <load_address>0x164f0</load_address>
         <run_address>0x164f0</run_address>
         <size>0x2b8</size>
         <input_file_ref idref="fl-100"/>
      </object_component>
      <object_component id="oc-42a">
         <name>.text</name>
         <load_address>0x167a8</load_address>
         <run_address>0x167a8</run_address>
         <size>0x278</size>
         <input_file_ref idref="fl-1a"/>
      </object_component>
      <object_component id="oc-386">
         <name>.text:_pconv_g</name>
         <load_address>0x16a20</load_address>
         <run_address>0x16a20</run_address>
         <size>0x248</size>
         <input_file_ref idref="fl-f7"/>
      </object_component>
      <object_component id="oc-32e">
         <name>.text</name>
         <load_address>0x16c68</load_address>
         <run_address>0x16c68</run_address>
         <size>0x238</size>
         <input_file_ref idref="fl-1b"/>
      </object_component>
      <object_component id="oc-52">
         <name>.text</name>
         <load_address>0x16ea0</load_address>
         <run_address>0x16ea0</run_address>
         <size>0x180</size>
         <input_file_ref idref="fl-e2"/>
      </object_component>
      <object_component id="oc-2a">
         <name>.text:retain</name>
         <load_address>0x17020</load_address>
         <run_address>0x17020</run_address>
         <size>0x178</size>
         <input_file_ref idref="fl-5"/>
      </object_component>
      <object_component id="oc-309">
         <name>.text</name>
         <load_address>0x17198</load_address>
         <run_address>0x17198</run_address>
         <size>0x164</size>
         <input_file_ref idref="fl-20"/>
      </object_component>
      <object_component id="oc-392">
         <name>.text:_pconv_e</name>
         <load_address>0x172fc</load_address>
         <run_address>0x172fc</run_address>
         <size>0x15c</size>
         <input_file_ref idref="fl-f7"/>
      </object_component>
      <object_component id="oc-482">
         <name>.text:fcvt</name>
         <load_address>0x17458</load_address>
         <run_address>0x17458</run_address>
         <size>0x144</size>
         <input_file_ref idref="fl-f7"/>
      </object_component>
      <object_component id="oc-274">
         <name>.text:floor</name>
         <load_address>0x1759c</load_address>
         <run_address>0x1759c</run_address>
         <size>0x13c</size>
         <input_file_ref idref="fl-de"/>
      </object_component>
      <object_component id="oc-43a">
         <name>.text</name>
         <load_address>0x176d8</load_address>
         <run_address>0x176d8</run_address>
         <size>0x13c</size>
         <input_file_ref idref="fl-1d"/>
      </object_component>
      <object_component id="oc-2a4">
         <name>.text:scalbn</name>
         <load_address>0x17814</load_address>
         <run_address>0x17814</run_address>
         <size>0x120</size>
         <input_file_ref idref="fl-df"/>
      </object_component>
      <object_component id="oc-380">
         <name>.text:_ltostr</name>
         <load_address>0x17934</load_address>
         <run_address>0x17934</run_address>
         <size>0x115</size>
         <input_file_ref idref="fl-f7"/>
      </object_component>
      <object_component id="oc-47b">
         <name>.text:_mcpy</name>
         <load_address>0x17a4c</load_address>
         <run_address>0x17a4c</run_address>
         <size>0xc8</size>
         <input_file_ref idref="fl-f7"/>
      </object_component>
      <object_component id="oc-291">
         <name>.text:__kernel_cos</name>
         <load_address>0x17b14</load_address>
         <run_address>0x17b14</run_address>
         <size>0xc4</size>
         <input_file_ref idref="fl-f4"/>
      </object_component>
      <object_component id="oc-6f">
         <name>.text</name>
         <load_address>0x17bd8</load_address>
         <run_address>0x17bd8</run_address>
         <size>0xc0</size>
         <input_file_ref idref="fl-9"/>
      </object_component>
      <object_component id="oc-285">
         <name>.text:__kernel_sin</name>
         <load_address>0x17c98</load_address>
         <run_address>0x17c98</run_address>
         <size>0xb4</size>
         <input_file_ref idref="fl-f5"/>
      </object_component>
      <object_component id="oc-1b">
         <name>.text:retain</name>
         <load_address>0x17d4c</load_address>
         <run_address>0x17d4c</run_address>
         <size>0xb4</size>
         <input_file_ref idref="fl-15"/>
      </object_component>
      <object_component id="oc-c1">
         <name>.text</name>
         <load_address>0x17e00</load_address>
         <run_address>0x17e00</run_address>
         <size>0xb0</size>
         <input_file_ref idref="fl-e3"/>
      </object_component>
      <object_component id="oc-475">
         <name>.text:_ecpy</name>
         <load_address>0x17eb0</load_address>
         <run_address>0x17eb0</run_address>
         <size>0x98</size>
         <input_file_ref idref="fl-f7"/>
      </object_component>
      <object_component id="oc-e">
         <name>.text:decompress:lzss:__TI_decompress_lzss</name>
         <load_address>0x17f48</load_address>
         <run_address>0x17f48</run_address>
         <size>0x90</size>
         <input_file_ref idref="fl-e8"/>
      </object_component>
      <object_component id="oc-490">
         <name>.text:frexp</name>
         <load_address>0x17fd8</load_address>
         <run_address>0x17fd8</run_address>
         <size>0x8c</size>
         <input_file_ref idref="fl-fd"/>
      </object_component>
      <object_component id="oc-37a">
         <name>.text:atoi</name>
         <load_address>0x18064</load_address>
         <run_address>0x18064</run_address>
         <size>0x84</size>
         <input_file_ref idref="fl-f8"/>
      </object_component>
      <object_component id="oc-46f">
         <name>.text:ltoa</name>
         <load_address>0x180e8</load_address>
         <run_address>0x180e8</run_address>
         <size>0x80</size>
         <input_file_ref idref="fl-fa"/>
      </object_component>
      <object_component id="oc-38c">
         <name>.text:_pconv_f</name>
         <load_address>0x18168</load_address>
         <run_address>0x18168</run_address>
         <size>0x74</size>
         <input_file_ref idref="fl-f7"/>
      </object_component>
      <object_component id="oc-149">
         <name>.text:HOSTclock</name>
         <load_address>0x181dc</load_address>
         <run_address>0x181dc</run_address>
         <size>0x6c</size>
         <input_file_ref idref="fl-ee"/>
      </object_component>
      <object_component id="oc-e4">
         <name>.text:__TI_auto_init_nobinit_nopinit:__TI_auto_init_nobinit_nopinit</name>
         <load_address>0x18248</load_address>
         <run_address>0x18248</run_address>
         <size>0x68</size>
         <input_file_ref idref="fl-e4"/>
      </object_component>
      <object_component id="oc-488">
         <name>.text:_fcpy</name>
         <load_address>0x182b0</load_address>
         <run_address>0x182b0</run_address>
         <size>0x64</size>
         <input_file_ref idref="fl-f7"/>
      </object_component>
      <object_component id="oc-11a">
         <name>.text:sprintf</name>
         <load_address>0x18314</load_address>
         <run_address>0x18314</run_address>
         <size>0x64</size>
         <input_file_ref idref="fl-ec"/>
      </object_component>
      <object_component id="oc-2bf">
         <name>.text:__TI_readmsg</name>
         <load_address>0x18378</load_address>
         <run_address>0x18378</run_address>
         <size>0x54</size>
         <input_file_ref idref="fl-f0"/>
      </object_component>
      <object_component id="oc-2b9">
         <name>.text:__TI_writemsg</name>
         <load_address>0x183cc</load_address>
         <run_address>0x183cc</run_address>
         <size>0x54</size>
         <input_file_ref idref="fl-f0"/>
      </object_component>
      <object_component id="oc-12c">
         <name>.text</name>
         <load_address>0x18420</load_address>
         <run_address>0x18420</run_address>
         <size>0x54</size>
         <input_file_ref idref="fl-e1"/>
      </object_component>
      <object_component id="oc-469">
         <name>.text</name>
         <load_address>0x18474</load_address>
         <run_address>0x18474</run_address>
         <size>0x50</size>
         <input_file_ref idref="fl-ff"/>
      </object_component>
      <object_component id="oc-13d">
         <name>.text:sqrt</name>
         <load_address>0x184c4</load_address>
         <run_address>0x184c4</run_address>
         <size>0x38</size>
         <input_file_ref idref="fl-dd"/>
      </object_component>
      <object_component id="oc-25f">
         <name>.text:_outs</name>
         <load_address>0x184fc</load_address>
         <run_address>0x184fc</run_address>
         <size>0x30</size>
         <input_file_ref idref="fl-ec"/>
      </object_component>
      <object_component id="oc-39e">
         <name>.text:memccpy</name>
         <load_address>0x1852c</load_address>
         <run_address>0x1852c</run_address>
         <size>0x2c</size>
         <input_file_ref idref="fl-fb"/>
      </object_component>
      <object_component id="oc-496">
         <name>.text:strchr</name>
         <load_address>0x18558</load_address>
         <run_address>0x18558</run_address>
         <size>0x28</size>
         <input_file_ref idref="fl-fc"/>
      </object_component>
      <object_component id="oc-3a4">
         <name>.text:wcslen</name>
         <load_address>0x18580</load_address>
         <run_address>0x18580</run_address>
         <size>0x24</size>
         <input_file_ref idref="fl-fe"/>
      </object_component>
      <object_component id="oc-120">
         <name>.text:strlen</name>
         <load_address>0x185a4</load_address>
         <run_address>0x185a4</run_address>
         <size>0x20</size>
         <input_file_ref idref="fl-ed"/>
      </object_component>
      <object_component id="oc-3ec">
         <name>.text:copysign</name>
         <load_address>0x185c4</load_address>
         <run_address>0x185c4</run_address>
         <size>0x1c</size>
         <input_file_ref idref="fl-f2"/>
      </object_component>
      <object_component id="oc-265">
         <name>.text:_outc</name>
         <load_address>0x185e0</load_address>
         <run_address>0x185e0</run_address>
         <size>0x14</size>
         <input_file_ref idref="fl-ec"/>
      </object_component>
      <object_component id="oc-14">
         <name>.text:decompress:none:__TI_decompress_none</name>
         <load_address>0x185f4</load_address>
         <run_address>0x185f4</run_address>
         <size>0x14</size>
         <input_file_ref idref="fl-e7"/>
      </object_component>
      <object_component id="oc-64">
         <name>.text:decompress:ZI:__TI_zero_init</name>
         <load_address>0x18608</load_address>
         <run_address>0x18608</run_address>
         <size>0x10</size>
         <input_file_ref idref="fl-e6"/>
      </object_component>
      <object_component id="oc-29e">
         <name>.text:__aeabi_errno_addr</name>
         <load_address>0x18618</load_address>
         <run_address>0x18618</run_address>
         <size>0xc</size>
         <input_file_ref idref="fl-f1"/>
      </object_component>
      <object_component id="oc-1c4">
         <name>.text:abort:abort</name>
         <load_address>0x18624</load_address>
         <run_address>0x18624</run_address>
         <size>0x8</size>
         <input_file_ref idref="fl-e9"/>
      </object_component>
      <object_component id="oc-406">
         <name>.text:_nop</name>
         <load_address>0x1862c</load_address>
         <run_address>0x1862c</run_address>
         <size>0x4</size>
         <input_file_ref idref="fl-ea"/>
      </object_component>
      <object_component id="oc-35">
         <name>.text:retain</name>
         <load_address>0x18630</load_address>
         <run_address>0x18630</run_address>
         <size>0x4</size>
         <input_file_ref idref="fl-12"/>
      </object_component>
      <object_component id="oc-27f">
         <name>.text</name>
         <load_address>0x18634</load_address>
         <run_address>0x18634</run_address>
         <size>0x4</size>
         <input_file_ref idref="fl-f6"/>
      </object_component>
      <object_component id="oc-22">
         <name>.const:s_vim_init</name>
         <load_address>0x18640</load_address>
         <run_address>0x18640</run_address>
         <size>0x200</size>
         <input_file_ref idref="fl-16"/>
      </object_component>
      <object_component id="oc-3d2">
         <name>.const:ipio2</name>
         <load_address>0x18840</load_address>
         <run_address>0x18840</run_address>
         <size>0x108</size>
         <input_file_ref idref="fl-f3"/>
      </object_component>
      <object_component id="oc-45f">
         <name>.const:.string:_ctypes_</name>
         <load_address>0x18948</load_address>
         <run_address>0x18948</run_address>
         <size>0x101</size>
         <input_file_ref idref="fl-f9"/>
      </object_component>
      <object_component id="oc-3d5">
         <name>.const:PIo2</name>
         <load_address>0x18a50</load_address>
         <run_address>0x18a50</run_address>
         <size>0x40</size>
         <input_file_ref idref="fl-f3"/>
      </object_component>
      <object_component id="oc-2aa">
         <name>.const:bp</name>
         <load_address>0x18a90</load_address>
         <run_address>0x18a90</run_address>
         <size>0x10</size>
         <input_file_ref idref="fl-dc"/>
      </object_component>
      <object_component id="oc-2ad">
         <name>.const:dp_h</name>
         <load_address>0x18aa0</load_address>
         <run_address>0x18aa0</run_address>
         <size>0x10</size>
         <input_file_ref idref="fl-dc"/>
      </object_component>
      <object_component id="oc-2b0">
         <name>.const:dp_l</name>
         <load_address>0x18ab0</load_address>
         <run_address>0x18ab0</run_address>
         <size>0x10</size>
         <input_file_ref idref="fl-dc"/>
      </object_component>
      <object_component id="oc-3cf">
         <name>.const:init_jk</name>
         <load_address>0x18ac0</load_address>
         <run_address>0x18ac0</run_address>
         <size>0x10</size>
         <input_file_ref idref="fl-f3"/>
      </object_component>
      <object_component id="oc-1d0">
         <name>.kernelBSS:init</name>
         <load_address>0x80008d0</load_address>
         <run_address>0x80008d0</run_address>
         <size>0x34</size>
         <input_file_ref idref="fl-20"/>
      </object_component>
      <object_component id="oc-33a">
         <name>.kernelBSS:uninit</name>
         <load_address>0x8000800</load_address>
         <run_address>0x8000800</run_address>
         <size>0xd0</size>
         <input_file_ref idref="fl-20"/>
      </object_component>
      <object_component id="oc-4e4">
         <name>.kernelHEAP</name>
         <uninitialized>true</uninitialized>
         <run_address>0x8001000</run_address>
         <size>0x2000</size>
         <input_file_ref idref="fl-1a"/>
      </object_component>
      <object_component id="oc-254">
         <name>.bss:g_i2cTransfer_t</name>
         <uninitialized>true</uninitialized>
         <run_address>0x8003170</run_address>
         <size>0x18</size>
         <input_file_ref idref="fl-7"/>
      </object_component>
      <object_component id="oc-27a">
         <name>.bss:g_sciTransfer_t</name>
         <uninitialized>true</uninitialized>
         <run_address>0x8003120</run_address>
         <size>0x50</size>
         <input_file_ref idref="fl-b"/>
      </object_component>
      <object_component id="oc-433">
         <name>.bss:xStart</name>
         <uninitialized>true</uninitialized>
         <run_address>0x8003194</run_address>
         <size>0x8</size>
         <input_file_ref idref="fl-1a"/>
      </object_component>
      <object_component id="oc-400">
         <name>.bss:_CIOBUF_</name>
         <uninitialized>true</uninitialized>
         <run_address>0x8003000</run_address>
         <size>0x120</size>
         <input_file_ref idref="fl-f0"/>
      </object_component>
      <object_component id="oc-16e">
         <name>.common:pitch</name>
         <uninitialized>true</uninitialized>
         <run_address>0x8003258</run_address>
         <size>0x4</size>
      </object_component>
      <object_component id="oc-16d">
         <name>.common:roll</name>
         <uninitialized>true</uninitialized>
         <run_address>0x8003278</run_address>
         <size>0x4</size>
      </object_component>
      <object_component id="oc-16f">
         <name>.common:yaw</name>
         <uninitialized>true</uninitialized>
         <run_address>0x80032a0</run_address>
         <size>0x4</size>
      </object_component>
      <object_component id="oc-16a">
         <name>.common:set_gyro_angles</name>
         <uninitialized>true</uninitialized>
         <run_address>0x80032ad</run_address>
         <size>0x1</size>
      </object_component>
      <object_component id="oc-177">
         <name>.common:init_pitch</name>
         <uninitialized>true</uninitialized>
         <run_address>0x8003228</run_address>
         <size>0x4</size>
      </object_component>
      <object_component id="oc-178">
         <name>.common:init_roll</name>
         <uninitialized>true</uninitialized>
         <run_address>0x800322c</run_address>
         <size>0x4</size>
      </object_component>
      <object_component id="oc-179">
         <name>.common:init_yaw</name>
         <uninitialized>true</uninitialized>
         <run_address>0x8003230</run_address>
         <size>0x4</size>
      </object_component>
      <object_component id="oc-19c">
         <name>.common:real_elev</name>
         <uninitialized>true</uninitialized>
         <run_address>0x8003270</run_address>
         <size>0x4</size>
      </object_component>
      <object_component id="oc-19a">
         <name>.common:real_rudd</name>
         <uninitialized>true</uninitialized>
         <run_address>0x8003274</run_address>
         <size>0x4</size>
      </object_component>
      <object_component id="oc-19e">
         <name>.common:real_ail</name>
         <uninitialized>true</uninitialized>
         <run_address>0x800326c</run_address>
         <size>0x4</size>
      </object_component>
      <object_component id="oc-17f">
         <name>.common:throttle</name>
         <uninitialized>true</uninitialized>
         <run_address>0x800329c</run_address>
         <size>0x4</size>
      </object_component>
      <object_component id="oc-199">
         <name>.common:pid_roll_setpoint</name>
         <uninitialized>true</uninitialized>
         <run_address>0x8003250</run_address>
         <size>0x4</size>
      </object_component>
      <object_component id="oc-162">
         <name>.common:gyro_roll_input</name>
         <uninitialized>true</uninitialized>
         <run_address>0x8003214</run_address>
         <size>0x4</size>
      </object_component>
      <object_component id="oc-19b">
         <name>.common:pid_pitch_setpoint</name>
         <uninitialized>true</uninitialized>
         <run_address>0x800324c</run_address>
         <size>0x4</size>
      </object_component>
      <object_component id="oc-163">
         <name>.common:gyro_pitch_input</name>
         <uninitialized>true</uninitialized>
         <run_address>0x8003210</run_address>
         <size>0x4</size>
      </object_component>
      <object_component id="oc-19d">
         <name>.common:pid_yaw_setpoint</name>
         <uninitialized>true</uninitialized>
         <run_address>0x8003254</run_address>
         <size>0x4</size>
      </object_component>
      <object_component id="oc-164">
         <name>.common:gyro_yaw_input</name>
         <uninitialized>true</uninitialized>
         <run_address>0x8003220</run_address>
         <size>0x4</size>
      </object_component>
      <object_component id="oc-171">
         <name>.common:roll_level_adjust</name>
         <uninitialized>true</uninitialized>
         <run_address>0x8003280</run_address>
         <size>0x4</size>
      </object_component>
      <object_component id="oc-170">
         <name>.common:pitch_level_adjust</name>
         <uninitialized>true</uninitialized>
         <run_address>0x8003260</run_address>
         <size>0x4</size>
      </object_component>
      <object_component id="oc-156">
         <name>.common:aRes</name>
         <uninitialized>true</uninitialized>
         <run_address>0x80031e0</run_address>
         <size>0x4</size>
      </object_component>
      <object_component id="oc-155">
         <name>.common:gRes</name>
         <uninitialized>true</uninitialized>
         <run_address>0x800320c</run_address>
         <size>0x4</size>
      </object_component>
      <object_component id="oc-14f">
         <name>.common:mRes</name>
         <uninitialized>true</uninitialized>
         <run_address>0x8003234</run_address>
         <size>0x4</size>
      </object_component>
      <object_component id="oc-15d">
         <name>.common:g_xyz</name>
         <uninitialized>true</uninitialized>
         <run_address>0x80031c8</run_address>
         <size>0x8</size>
      </object_component>
      <object_component id="oc-174">
         <name>.common:avr_roll</name>
         <uninitialized>true</uninitialized>
         <run_address>0x8003204</run_address>
         <size>0x4</size>
      </object_component>
      <object_component id="oc-175">
         <name>.common:avr_pitch</name>
         <uninitialized>true</uninitialized>
         <run_address>0x8003200</run_address>
         <size>0x4</size>
      </object_component>
      <object_component id="oc-176">
         <name>.common:avr_yaw</name>
         <uninitialized>true</uninitialized>
         <run_address>0x8003208</run_address>
         <size>0x4</size>
      </object_component>
      <object_component id="oc-15e">
         <name>.common:gyro_x_cal</name>
         <uninitialized>true</uninitialized>
         <run_address>0x8003218</run_address>
         <size>0x4</size>
      </object_component>
      <object_component id="oc-15f">
         <name>.common:gyro_y_cal</name>
         <uninitialized>true</uninitialized>
         <run_address>0x800321c</run_address>
         <size>0x4</size>
      </object_component>
      <object_component id="oc-160">
         <name>.common:gyro_z_cal</name>
         <uninitialized>true</uninitialized>
         <run_address>0x8003224</run_address>
         <size>0x4</size>
      </object_component>
      <object_component id="oc-161">
         <name>.common:a_xyz</name>
         <uninitialized>true</uninitialized>
         <run_address>0x80031b0</run_address>
         <size>0x8</size>
      </object_component>
      <object_component id="oc-167">
         <name>.common:acc_total_vector</name>
         <uninitialized>true</uninitialized>
         <run_address>0x80031e4</run_address>
         <size>0x4</size>
      </object_component>
      <object_component id="oc-169">
         <name>.common:angle_roll_acc</name>
         <uninitialized>true</uninitialized>
         <run_address>0x80031f8</run_address>
         <size>0x4</size>
      </object_component>
      <object_component id="oc-168">
         <name>.common:angle_pitch_acc</name>
         <uninitialized>true</uninitialized>
         <run_address>0x80031ec</run_address>
         <size>0x4</size>
      </object_component>
      <object_component id="oc-165">
         <name>.common:angle_pitch</name>
         <uninitialized>true</uninitialized>
         <run_address>0x80031e8</run_address>
         <size>0x4</size>
      </object_component>
      <object_component id="oc-166">
         <name>.common:angle_roll</name>
         <uninitialized>true</uninitialized>
         <run_address>0x80031f4</run_address>
         <size>0x4</size>
      </object_component>
      <object_component id="oc-16b">
         <name>.common:angle_pitch_output</name>
         <uninitialized>true</uninitialized>
         <run_address>0x80031f0</run_address>
         <size>0x4</size>
      </object_component>
      <object_component id="oc-16c">
         <name>.common:angle_roll_output</name>
         <uninitialized>true</uninitialized>
         <run_address>0x80031fc</run_address>
         <size>0x4</size>
      </object_component>
      <object_component id="oc-186">
         <name>.common:roll_angle_in</name>
         <uninitialized>true</uninitialized>
         <run_address>0x800327c</run_address>
         <size>0x4</size>
      </object_component>
      <object_component id="oc-187">
         <name>.common:roll_rate_in</name>
         <uninitialized>true</uninitialized>
         <run_address>0x8003288</run_address>
         <size>0x4</size>
      </object_component>
      <object_component id="oc-188">
         <name>.common:roll_rate_iterm</name>
         <uninitialized>true</uninitialized>
         <run_address>0x800328c</run_address>
         <size>0x4</size>
      </object_component>
      <object_component id="oc-17e">
         <name>.common:roll_output</name>
         <uninitialized>true</uninitialized>
         <run_address>0x8003284</run_address>
         <size>0x4</size>
      </object_component>
      <object_component id="oc-189">
         <name>.common:pitch_angle_in</name>
         <uninitialized>true</uninitialized>
         <run_address>0x800325c</run_address>
         <size>0x4</size>
      </object_component>
      <object_component id="oc-18a">
         <name>.common:pitch_rate_in</name>
         <uninitialized>true</uninitialized>
         <run_address>0x8003264</run_address>
         <size>0x4</size>
      </object_component>
      <object_component id="oc-18b">
         <name>.common:yaw_angle_in</name>
         <uninitialized>true</uninitialized>
         <run_address>0x80032a4</run_address>
         <size>0x4</size>
      </object_component>
      <object_component id="oc-18c">
         <name>.common:yaw_rate_in</name>
         <uninitialized>true</uninitialized>
         <run_address>0x80032a8</run_address>
         <size>0x4</size>
      </object_component>
      <object_component id="oc-17a">
         <name>.common:motorA_PWM</name>
         <uninitialized>true</uninitialized>
         <run_address>0x8003238</run_address>
         <size>0x4</size>
      </object_component>
      <object_component id="oc-17b">
         <name>.common:motorB_PWM</name>
         <uninitialized>true</uninitialized>
         <run_address>0x800323c</run_address>
         <size>0x4</size>
      </object_component>
      <object_component id="oc-17c">
         <name>.common:motorC_PWM</name>
         <uninitialized>true</uninitialized>
         <run_address>0x8003240</run_address>
         <size>0x4</size>
      </object_component>
      <object_component id="oc-17d">
         <name>.common:motorD_PWM</name>
         <uninitialized>true</uninitialized>
         <run_address>0x8003244</run_address>
         <size>0x4</size>
      </object_component>
      <object_component id="oc-173">
         <name>.common:t_now</name>
         <uninitialized>true</uninitialized>
         <run_address>0x8003290</run_address>
         <size>0x4</size>
      </object_component>
      <object_component id="oc-172">
         <name>.common:t_prev</name>
         <uninitialized>true</uninitialized>
         <run_address>0x8003294</run_address>
         <size>0x4</size>
      </object_component>
      <object_component id="oc-1a6">
         <name>.common:altitude</name>
         <uninitialized>true</uninitialized>
         <run_address>0x80031b8</run_address>
         <size>0x8</size>
      </object_component>
      <object_component id="oc-1a8">
         <name>.common:last_altitude</name>
         <uninitialized>true</uninitialized>
         <run_address>0x80031d0</run_address>
         <size>0x8</size>
      </object_component>
      <object_component id="oc-1a7">
         <name>.common:dot_altitude</name>
         <uninitialized>true</uninitialized>
         <run_address>0x80031c0</run_address>
         <size>0x8</size>
      </object_component>
      <object_component id="oc-1a5">
         <name>.common:pressure</name>
         <uninitialized>true</uninitialized>
         <run_address>0x8003268</run_address>
         <size>0x4</size>
      </object_component>
      <object_component id="oc-1a1">
         <name>.common:fc</name>
         <uninitialized>true</uninitialized>
         <run_address>0x8003188</run_address>
         <size>0xc</size>
      </object_component>
      <object_component id="oc-19f">
         <name>.common:ct</name>
         <uninitialized>true</uninitialized>
         <run_address>0x80032ac</run_address>
         <size>0x1</size>
      </object_component>
      <object_component id="oc-1a0">
         <name>.common:uosr</name>
         <uninitialized>true</uninitialized>
         <run_address>0x80032ae</run_address>
         <size>0x1</size>
      </object_component>
      <object_component id="oc-1a4">
         <name>.common:TEMP2</name>
         <uninitialized>true</uninitialized>
         <run_address>0x800319c</run_address>
         <size>0x4</size>
      </object_component>
      <object_component id="oc-1a2">
         <name>.common:OFF2</name>
         <uninitialized>true</uninitialized>
         <run_address>0x80031a0</run_address>
         <size>0x8</size>
      </object_component>
      <object_component id="oc-1a3">
         <name>.common:SENS2</name>
         <uninitialized>true</uninitialized>
         <run_address>0x80031a8</run_address>
         <size>0x8</size>
      </object_component>
      <object_component id="oc-1b3">
         <name>.common:task_MPU9250_handle</name>
         <uninitialized>true</uninitialized>
         <run_address>0x8003298</run_address>
         <size>0x4</size>
      </object_component>
      <object_component id="oc-1a9">
         <name>.common:mutex</name>
         <uninitialized>true</uninitialized>
         <run_address>0x8003248</run_address>
         <size>0x4</size>
      </object_component>
      <object_component id="oc-2c8">
         <name>.common:parmbuf</name>
         <uninitialized>true</uninitialized>
         <run_address>0x80031d8</run_address>
         <size>0x8</size>
      </object_component>
      <object_component id="oc-152">
         <name>.data</name>
         <load_address>0x80032b0</load_address>
         <run_address>0x80032b0</run_address>
         <size>0xa4</size>
         <input_file_ref idref="fl-f"/>
      </object_component>
      <object_component id="oc-1b0">
         <name>.data:magCalibration</name>
         <load_address>0x800337c</load_address>
         <run_address>0x800337c</run_address>
         <size>0xc</size>
         <input_file_ref idref="fl-f"/>
      </object_component>
      <object_component id="oc-1aa">
         <name>.data:gyroBias</name>
         <load_address>0x8003370</load_address>
         <run_address>0x8003370</run_address>
         <size>0xc</size>
         <input_file_ref idref="fl-f"/>
      </object_component>
      <object_component id="oc-1ad">
         <name>.data:accelBias</name>
         <load_address>0x8003364</load_address>
         <run_address>0x8003364</run_address>
         <size>0xc</size>
         <input_file_ref idref="fl-f"/>
      </object_component>
      <object_component id="oc-430">
         <name>.data</name>
         <load_address>0x8003354</load_address>
         <run_address>0x8003354</run_address>
         <size>0x10</size>
         <input_file_ref idref="fl-1a"/>
      </object_component>
      <object_component id="oc-1d3">
         <name>.data</name>
         <load_address>0x8003390</load_address>
         <run_address>0x8003390</run_address>
         <size>0x8</size>
         <input_file_ref idref="fl-1d"/>
      </object_component>
      <object_component id="oc-2c5">
         <name>.data:$O1$$</name>
         <load_address>0x8003388</load_address>
         <run_address>0x8003388</run_address>
         <size>0x8</size>
         <input_file_ref idref="fl-ea"/>
      </object_component>
      <object_component id="oc-3e7">
         <name>.data</name>
         <load_address>0x8003398</load_address>
         <run_address>0x8003398</run_address>
         <size>0x4</size>
         <input_file_ref idref="fl-f1"/>
      </object_component>
      <object_component id="oc-206">
         <name>.debug_info</name>
         <load_address>0x0</load_address>
         <run_address>0x0</run_address>
         <size>0x304</size>
         <input_file_ref idref="fl-2"/>
      </object_component>
      <object_component id="oc-18e">
         <name>.debug_info</name>
         <load_address>0x304</load_address>
         <run_address>0x304</run_address>
         <size>0x17f6</size>
         <input_file_ref idref="fl-2"/>
      </object_component>
      <object_component id="oc-25">
         <name>.debug_info</name>
         <load_address>0x1afa</load_address>
         <run_address>0x1afa</run_address>
         <size>0x453</size>
         <input_file_ref idref="fl-2"/>
      </object_component>
      <object_component id="oc-323">
         <name>.debug_info</name>
         <load_address>0x1f4d</load_address>
         <run_address>0x1f4d</run_address>
         <size>0x359</size>
         <input_file_ref idref="fl-2"/>
      </object_component>
      <object_component id="oc-1d9">
         <name>.debug_info</name>
         <load_address>0x22a6</load_address>
         <run_address>0x22a6</run_address>
         <size>0x26b</size>
         <input_file_ref idref="fl-2"/>
      </object_component>
      <object_component id="oc-98">
         <name>.debug_info</name>
         <load_address>0x2511</load_address>
         <run_address>0x2511</run_address>
         <size>0x157</size>
         <input_file_ref idref="fl-2"/>
      </object_component>
      <object_component id="oc-1b5">
         <name>.debug_info</name>
         <load_address>0x2668</load_address>
         <run_address>0x2668</run_address>
         <size>0x8b</size>
         <input_file_ref idref="fl-2"/>
      </object_component>
      <object_component id="oc-a1">
         <name>.debug_info</name>
         <load_address>0x26f3</load_address>
         <run_address>0x26f3</run_address>
         <size>0x18c</size>
         <input_file_ref idref="fl-2"/>
      </object_component>
      <object_component id="oc-345">
         <name>.debug_info</name>
         <load_address>0x287f</load_address>
         <run_address>0x287f</run_address>
         <size>0x297</size>
         <input_file_ref idref="fl-2"/>
      </object_component>
      <object_component id="oc-1ba">
         <name>.debug_info</name>
         <load_address>0x2b16</load_address>
         <run_address>0x2b16</run_address>
         <size>0xbb</size>
         <input_file_ref idref="fl-2"/>
      </object_component>
      <object_component id="oc-a6">
         <name>.debug_info</name>
         <load_address>0x2bd1</load_address>
         <run_address>0x2bd1</run_address>
         <size>0x86</size>
         <input_file_ref idref="fl-2"/>
      </object_component>
      <object_component id="oc-21d">
         <name>.debug_info</name>
         <load_address>0x2c57</load_address>
         <run_address>0x2c57</run_address>
         <size>0x152</size>
         <input_file_ref idref="fl-2"/>
      </object_component>
      <object_component id="oc-1fc">
         <name>.debug_info</name>
         <load_address>0x2da9</load_address>
         <run_address>0x2da9</run_address>
         <size>0x36d</size>
         <input_file_ref idref="fl-2"/>
      </object_component>
      <object_component id="oc-355">
         <name>.debug_info</name>
         <load_address>0x3116</load_address>
         <run_address>0x3116</run_address>
         <size>0x384</size>
         <input_file_ref idref="fl-3"/>
      </object_component>
      <object_component id="oc-d6">
         <name>.debug_info</name>
         <load_address>0x349a</load_address>
         <run_address>0x349a</run_address>
         <size>0x429</size>
         <input_file_ref idref="fl-3"/>
      </object_component>
      <object_component id="oc-1de">
         <name>.debug_info</name>
         <load_address>0x38c3</load_address>
         <run_address>0x38c3</run_address>
         <size>0x102</size>
         <input_file_ref idref="fl-3"/>
      </object_component>
      <object_component id="oc-222">
         <name>.debug_info</name>
         <load_address>0x39c5</load_address>
         <run_address>0x39c5</run_address>
         <size>0x142</size>
         <input_file_ref idref="fl-3"/>
      </object_component>
      <object_component id="oc-1e3">
         <name>.debug_info</name>
         <load_address>0x3b07</load_address>
         <run_address>0x3b07</run_address>
         <size>0x285</size>
         <input_file_ref idref="fl-3"/>
      </object_component>
      <object_component id="oc-1e8">
         <name>.debug_info</name>
         <load_address>0x3d8c</load_address>
         <run_address>0x3d8c</run_address>
         <size>0x44a</size>
         <input_file_ref idref="fl-3"/>
      </object_component>
      <object_component id="oc-1ed">
         <name>.debug_info</name>
         <load_address>0x41d6</load_address>
         <run_address>0x41d6</run_address>
         <size>0x1f9</size>
         <input_file_ref idref="fl-3"/>
      </object_component>
      <object_component id="oc-1f2">
         <name>.debug_info</name>
         <load_address>0x43cf</load_address>
         <run_address>0x43cf</run_address>
         <size>0x152</size>
         <input_file_ref idref="fl-3"/>
      </object_component>
      <object_component id="oc-1f7">
         <name>.debug_info</name>
         <load_address>0x4521</load_address>
         <run_address>0x4521</run_address>
         <size>0x70a</size>
         <input_file_ref idref="fl-3"/>
      </object_component>
      <object_component id="oc-e2">
         <name>.debug_info</name>
         <load_address>0x4c2b</load_address>
         <run_address>0x4c2b</run_address>
         <size>0x350</size>
         <input_file_ref idref="fl-5"/>
      </object_component>
      <object_component id="oc-7c">
         <name>.debug_info</name>
         <load_address>0x4f7b</load_address>
         <run_address>0x4f7b</run_address>
         <size>0x10c5</size>
         <input_file_ref idref="fl-5"/>
      </object_component>
      <object_component id="oc-2b">
         <name>.debug_info</name>
         <load_address>0x6040</load_address>
         <run_address>0x6040</run_address>
         <size>0x1ad</size>
         <input_file_ref idref="fl-5"/>
      </object_component>
      <object_component id="oc-dd">
         <name>.debug_info</name>
         <load_address>0x61ed</load_address>
         <run_address>0x61ed</run_address>
         <size>0x168</size>
         <input_file_ref idref="fl-5"/>
      </object_component>
      <object_component id="oc-303">
         <name>.debug_info</name>
         <load_address>0x6355</load_address>
         <run_address>0x6355</run_address>
         <size>0x30c</size>
         <input_file_ref idref="fl-6"/>
      </object_component>
      <object_component id="oc-158">
         <name>.debug_info</name>
         <load_address>0x6661</load_address>
         <run_address>0x6661</run_address>
         <size>0x2873</size>
         <input_file_ref idref="fl-6"/>
      </object_component>
      <object_component id="oc-304">
         <name>.debug_info</name>
         <load_address>0x8ed4</load_address>
         <run_address>0x8ed4</run_address>
         <size>0xc6d</size>
         <input_file_ref idref="fl-6"/>
      </object_component>
      <object_component id="oc-227">
         <name>.debug_info</name>
         <load_address>0x9b41</load_address>
         <run_address>0x9b41</run_address>
         <size>0x396</size>
         <input_file_ref idref="fl-6"/>
      </object_component>
      <object_component id="oc-23e">
         <name>.debug_info</name>
         <load_address>0x9ed7</load_address>
         <run_address>0x9ed7</run_address>
         <size>0x199</size>
         <input_file_ref idref="fl-6"/>
      </object_component>
      <object_component id="oc-258">
         <name>.debug_info</name>
         <load_address>0xa070</load_address>
         <run_address>0xa070</run_address>
         <size>0x2ce</size>
         <input_file_ref idref="fl-7"/>
      </object_component>
      <object_component id="oc-255">
         <name>.debug_info</name>
         <load_address>0xa33e</load_address>
         <run_address>0xa33e</run_address>
         <size>0xea</size>
         <input_file_ref idref="fl-7"/>
      </object_component>
      <object_component id="oc-115">
         <name>.debug_info</name>
         <load_address>0xa428</load_address>
         <run_address>0xa428</run_address>
         <size>0x1178</size>
         <input_file_ref idref="fl-7"/>
      </object_component>
      <object_component id="oc-370">
         <name>.debug_info</name>
         <load_address>0xb5a0</load_address>
         <run_address>0xb5a0</run_address>
         <size>0x69</size>
         <input_file_ref idref="fl-7"/>
      </object_component>
      <object_component id="oc-22c">
         <name>.debug_info</name>
         <load_address>0xb609</load_address>
         <run_address>0xb609</run_address>
         <size>0x26a</size>
         <input_file_ref idref="fl-7"/>
      </object_component>
      <object_component id="oc-375">
         <name>.debug_info</name>
         <load_address>0xb873</load_address>
         <run_address>0xb873</run_address>
         <size>0x34f</size>
         <input_file_ref idref="fl-7"/>
      </object_component>
      <object_component id="oc-c9">
         <name>.debug_info</name>
         <load_address>0xbbc2</load_address>
         <run_address>0xbbc2</run_address>
         <size>0x3ce</size>
         <input_file_ref idref="fl-9"/>
      </object_component>
      <object_component id="oc-70">
         <name>.debug_info</name>
         <load_address>0xbf90</load_address>
         <run_address>0xbf90</run_address>
         <size>0x900</size>
         <input_file_ref idref="fl-9"/>
      </object_component>
      <object_component id="oc-218">
         <name>.debug_info</name>
         <load_address>0xc890</load_address>
         <run_address>0xc890</run_address>
         <size>0xadd</size>
         <input_file_ref idref="fl-9"/>
      </object_component>
      <object_component id="oc-ca">
         <name>.debug_info</name>
         <load_address>0xd36d</load_address>
         <run_address>0xd36d</run_address>
         <size>0x6eb</size>
         <input_file_ref idref="fl-9"/>
      </object_component>
      <object_component id="oc-231">
         <name>.debug_info</name>
         <load_address>0xda58</load_address>
         <run_address>0xda58</run_address>
         <size>0x243</size>
         <input_file_ref idref="fl-9"/>
      </object_component>
      <object_component id="oc-3c7">
         <name>.debug_info</name>
         <load_address>0xdc9b</load_address>
         <run_address>0xdc9b</run_address>
         <size>0x18e</size>
         <input_file_ref idref="fl-9"/>
      </object_component>
      <object_component id="oc-d0">
         <name>.debug_info</name>
         <load_address>0xde29</load_address>
         <run_address>0xde29</run_address>
         <size>0x121</size>
         <input_file_ref idref="fl-a"/>
      </object_component>
      <object_component id="oc-27e">
         <name>.debug_info</name>
         <load_address>0xdf4a</load_address>
         <run_address>0xdf4a</run_address>
         <size>0x302</size>
         <input_file_ref idref="fl-b"/>
      </object_component>
      <object_component id="oc-27b">
         <name>.debug_info</name>
         <load_address>0xe24c</load_address>
         <run_address>0xe24c</run_address>
         <size>0xea</size>
         <input_file_ref idref="fl-b"/>
      </object_component>
      <object_component id="oc-127">
         <name>.debug_info</name>
         <load_address>0xe336</load_address>
         <run_address>0xe336</run_address>
         <size>0xf0c</size>
         <input_file_ref idref="fl-b"/>
      </object_component>
      <object_component id="oc-3c2">
         <name>.debug_info</name>
         <load_address>0xf242</load_address>
         <run_address>0xf242</run_address>
         <size>0x91</size>
         <input_file_ref idref="fl-b"/>
      </object_component>
      <object_component id="oc-6b">
         <name>.debug_info</name>
         <load_address>0xf2d3</load_address>
         <run_address>0xf2d3</run_address>
         <size>0x817</size>
         <input_file_ref idref="fl-c"/>
      </object_component>
      <object_component id="oc-31">
         <name>.debug_info</name>
         <load_address>0xfaea</load_address>
         <run_address>0xfaea</run_address>
         <size>0x10d</size>
         <input_file_ref idref="fl-e"/>
      </object_component>
      <object_component id="oc-150">
         <name>.debug_info</name>
         <load_address>0xfbf7</load_address>
         <run_address>0xfbf7</run_address>
         <size>0x19e8</size>
         <input_file_ref idref="fl-f"/>
      </object_component>
      <object_component id="oc-153">
         <name>.debug_info</name>
         <load_address>0x115df</load_address>
         <run_address>0x115df</run_address>
         <size>0x767</size>
         <input_file_ref idref="fl-f"/>
      </object_component>
      <object_component id="oc-1b1">
         <name>.debug_info</name>
         <load_address>0x11d46</load_address>
         <run_address>0x11d46</run_address>
         <size>0xef</size>
         <input_file_ref idref="fl-f"/>
      </object_component>
      <object_component id="oc-1ab">
         <name>.debug_info</name>
         <load_address>0x11e35</load_address>
         <run_address>0x11e35</run_address>
         <size>0xe3</size>
         <input_file_ref idref="fl-f"/>
      </object_component>
      <object_component id="oc-1ae">
         <name>.debug_info</name>
         <load_address>0x11f18</load_address>
         <run_address>0x11f18</run_address>
         <size>0xe5</size>
         <input_file_ref idref="fl-f"/>
      </object_component>
      <object_component id="oc-88">
         <name>.debug_info</name>
         <load_address>0x11ffd</load_address>
         <run_address>0x11ffd</run_address>
         <size>0x4276</size>
         <input_file_ref idref="fl-f"/>
      </object_component>
      <object_component id="oc-2d8">
         <name>.debug_info</name>
         <load_address>0x16273</load_address>
         <run_address>0x16273</run_address>
         <size>0x30c</size>
         <input_file_ref idref="fl-f"/>
      </object_component>
      <object_component id="oc-1bf">
         <name>.debug_info</name>
         <load_address>0x1657f</load_address>
         <run_address>0x1657f</run_address>
         <size>0x63</size>
         <input_file_ref idref="fl-f"/>
      </object_component>
      <object_component id="oc-2f6">
         <name>.debug_info</name>
         <load_address>0x165e2</load_address>
         <run_address>0x165e2</run_address>
         <size>0x189</size>
         <input_file_ref idref="fl-f"/>
      </object_component>
      <object_component id="oc-2ec">
         <name>.debug_info</name>
         <load_address>0x1676b</load_address>
         <run_address>0x1676b</run_address>
         <size>0x379</size>
         <input_file_ref idref="fl-f"/>
      </object_component>
      <object_component id="oc-2d3">
         <name>.debug_info</name>
         <load_address>0x16ae4</load_address>
         <run_address>0x16ae4</run_address>
         <size>0xe1</size>
         <input_file_ref idref="fl-f"/>
      </object_component>
      <object_component id="oc-2f1">
         <name>.debug_info</name>
         <load_address>0x16bc5</load_address>
         <run_address>0x16bc5</run_address>
         <size>0x46</size>
         <input_file_ref idref="fl-f"/>
      </object_component>
      <object_component id="oc-2fb">
         <name>.debug_info</name>
         <load_address>0x16c0b</load_address>
         <run_address>0x16c0b</run_address>
         <size>0x2c</size>
         <input_file_ref idref="fl-f"/>
      </object_component>
      <object_component id="oc-20e">
         <name>.debug_info</name>
         <load_address>0x16c37</load_address>
         <run_address>0x16c37</run_address>
         <size>0x2c</size>
         <input_file_ref idref="fl-f"/>
      </object_component>
      <object_component id="oc-26d">
         <name>.debug_info</name>
         <load_address>0x16c63</load_address>
         <run_address>0x16c63</run_address>
         <size>0x2c</size>
         <input_file_ref idref="fl-f"/>
      </object_component>
      <object_component id="oc-2dd">
         <name>.debug_info</name>
         <load_address>0x16c8f</load_address>
         <run_address>0x16c8f</run_address>
         <size>0x35</size>
         <input_file_ref idref="fl-f"/>
      </object_component>
      <object_component id="oc-2e2">
         <name>.debug_info</name>
         <load_address>0x16cc4</load_address>
         <run_address>0x16cc4</run_address>
         <size>0x3d3</size>
         <input_file_ref idref="fl-f"/>
      </object_component>
      <object_component id="oc-2e7">
         <name>.debug_info</name>
         <load_address>0x17097</load_address>
         <run_address>0x17097</run_address>
         <size>0x14c</size>
         <input_file_ref idref="fl-f"/>
      </object_component>
      <object_component id="oc-82">
         <name>.debug_info</name>
         <load_address>0x171e3</load_address>
         <run_address>0x171e3</run_address>
         <size>0x444</size>
         <input_file_ref idref="fl-10"/>
      </object_component>
      <object_component id="oc-358">
         <name>.debug_info</name>
         <load_address>0x17627</load_address>
         <run_address>0x17627</run_address>
         <size>0x2f8</size>
         <input_file_ref idref="fl-11"/>
      </object_component>
      <object_component id="oc-239">
         <name>.debug_info</name>
         <load_address>0x1791f</load_address>
         <run_address>0x1791f</run_address>
         <size>0x457</size>
         <input_file_ref idref="fl-11"/>
      </object_component>
      <object_component id="oc-36">
         <name>.debug_info</name>
         <load_address>0x17d76</load_address>
         <run_address>0x17d76</run_address>
         <size>0x142</size>
         <input_file_ref idref="fl-12"/>
      </object_component>
      <object_component id="oc-1c">
         <name>.debug_info</name>
         <load_address>0x17eb8</load_address>
         <run_address>0x17eb8</run_address>
         <size>0x281</size>
         <input_file_ref idref="fl-15"/>
      </object_component>
      <object_component id="oc-96">
         <name>.debug_info</name>
         <load_address>0x18139</load_address>
         <run_address>0x18139</run_address>
         <size>0x585</size>
         <input_file_ref idref="fl-16"/>
      </object_component>
      <object_component id="oc-23">
         <name>.debug_info</name>
         <load_address>0x186be</load_address>
         <run_address>0x186be</run_address>
         <size>0xe4</size>
         <input_file_ref idref="fl-16"/>
      </object_component>
      <object_component id="oc-3d">
         <name>.debug_info</name>
         <load_address>0x187a2</load_address>
         <run_address>0x187a2</run_address>
         <size>0x494</size>
         <input_file_ref idref="fl-16"/>
      </object_component>
      <object_component id="oc-42">
         <name>.debug_info</name>
         <load_address>0x18c36</load_address>
         <run_address>0x18c36</run_address>
         <size>0x1ff</size>
         <input_file_ref idref="fl-16"/>
      </object_component>
      <object_component id="oc-201">
         <name>.debug_info</name>
         <load_address>0x18e35</load_address>
         <run_address>0x18e35</run_address>
         <size>0x4f</size>
         <input_file_ref idref="fl-16"/>
      </object_component>
      <object_component id="oc-db">
         <name>.debug_info</name>
         <load_address>0x18e84</load_address>
         <run_address>0x18e84</run_address>
         <size>0x3e6</size>
         <input_file_ref idref="fl-17"/>
      </object_component>
      <object_component id="oc-76">
         <name>.debug_info</name>
         <load_address>0x1926a</load_address>
         <run_address>0x1926a</run_address>
         <size>0x594</size>
         <input_file_ref idref="fl-17"/>
      </object_component>
      <object_component id="oc-4d">
         <name>.debug_info</name>
         <load_address>0x197fe</load_address>
         <run_address>0x197fe</run_address>
         <size>0x84</size>
         <input_file_ref idref="fl-18"/>
      </object_component>
      <object_component id="oc-422">
         <name>.debug_info</name>
         <load_address>0x19882</load_address>
         <run_address>0x19882</run_address>
         <size>0x679</size>
         <input_file_ref idref="fl-19"/>
      </object_component>
      <object_component id="oc-316">
         <name>.debug_info</name>
         <load_address>0x19efb</load_address>
         <run_address>0x19efb</run_address>
         <size>0x1477</size>
         <input_file_ref idref="fl-19"/>
      </object_component>
      <object_component id="oc-41c">
         <name>.debug_info</name>
         <load_address>0x1b372</load_address>
         <run_address>0x1b372</run_address>
         <size>0x110</size>
         <input_file_ref idref="fl-19"/>
      </object_component>
      <object_component id="oc-31d">
         <name>.debug_info</name>
         <load_address>0x1b482</load_address>
         <run_address>0x1b482</run_address>
         <size>0x39</size>
         <input_file_ref idref="fl-19"/>
      </object_component>
      <object_component id="oc-425">
         <name>.debug_info</name>
         <load_address>0x1b4bb</load_address>
         <run_address>0x1b4bb</run_address>
         <size>0x46</size>
         <input_file_ref idref="fl-19"/>
      </object_component>
      <object_component id="oc-4df">
         <name>.debug_info</name>
         <load_address>0x1b501</load_address>
         <run_address>0x1b501</run_address>
         <size>0x62</size>
         <input_file_ref idref="fl-19"/>
      </object_component>
      <object_component id="oc-437">
         <name>.debug_info</name>
         <load_address>0x1b563</load_address>
         <run_address>0x1b563</run_address>
         <size>0x421</size>
         <input_file_ref idref="fl-1a"/>
      </object_component>
      <object_component id="oc-4e5">
         <name>.debug_info</name>
         <load_address>0x1b984</load_address>
         <run_address>0x1b984</run_address>
         <size>0xd9</size>
         <input_file_ref idref="fl-1a"/>
      </object_component>
      <object_component id="oc-434">
         <name>.debug_info</name>
         <load_address>0x1ba5d</load_address>
         <run_address>0x1ba5d</run_address>
         <size>0xd9</size>
         <input_file_ref idref="fl-1a"/>
      </object_component>
      <object_component id="oc-431">
         <name>.debug_info</name>
         <load_address>0x1bb36</load_address>
         <run_address>0x1bb36</run_address>
         <size>0x18d</size>
         <input_file_ref idref="fl-1a"/>
      </object_component>
      <object_component id="oc-329">
         <name>.debug_info</name>
         <load_address>0x1bcc3</load_address>
         <run_address>0x1bcc3</run_address>
         <size>0x536</size>
         <input_file_ref idref="fl-1a"/>
      </object_component>
      <object_component id="oc-42b">
         <name>.debug_info</name>
         <load_address>0x1c1f9</load_address>
         <run_address>0x1c1f9</run_address>
         <size>0x2b0</size>
         <input_file_ref idref="fl-1a"/>
      </object_component>
      <object_component id="oc-4ec">
         <name>.debug_info</name>
[...]
         <object_component_ref idref="oc-30f"/>
      </symbol>
      <symbol id="sm-bd4">
         <name>xQueueGenericCreate</name>
         <value>0x2d24</value>
         <object_component_ref idref="oc-30f"/>
      </symbol>
      <symbol id="sm-bd5">
         <name>xQueueGenericSend</name>
         <value>0x2e40</value>
         <object_component_ref idref="oc-30f"/>
      </symbol>
      <symbol id="sm-bd6">
         <name>xQueueGenericReset</name>
         <value>0x2bfc</value>
         <object_component_ref idref="oc-30f"/>
      </symbol>
      <symbol id="sm-bd7">
         <name>xQueueReceiveFromISR</name>
         <value>0x36d4</value>
         <object_component_ref idref="oc-30f"/>
      </symbol>
      <symbol id="sm-bd8">
         <name>uxQueueSpacesAvailable</name>
         <value>0x3948</value>
         <object_component_ref idref="oc-30f"/>
      </symbol>
      <symbol id="sm-bd9">
         <name>xQueueGiveFromISR</name>
         <value>0x3290</value>
         <object_component_ref idref="oc-30f"/>
      </symbol>
      <symbol id="sm-bda">
         <name>uxQueueMessagesWaitingFromISR</name>
         <value>0x3994</value>
         <object_component_ref idref="oc-30f"/>
      </symbol>
      <symbol id="sm-bdb">
         <name>xQueueGenericReceive</name>
         <value>0x33fc</value>
         <object_component_ref idref="oc-30f"/>
      </symbol>
      <symbol id="sm-bdc">
         <name>vQueueDelete</name>
         <value>0x39c4</value>
         <object_component_ref idref="oc-30f"/>
      </symbol>
      <symbol id="sm-dc6">
         <name>xTaskCreateRestricted</name>
         <value>0x20</value>
         <object_component_ref idref="oc-193"/>
      </symbol>
      <symbol id="sm-dc7">
         <name>vTaskDelay</name>
         <value>0x80c</value>
         <object_component_ref idref="oc-193"/>
      </symbol>
      <symbol id="sm-dc8">
         <name>vTaskSuspendAll</name>
         <value>0x10a0</value>
         <object_component_ref idref="oc-193"/>
      </symbol>
      <symbol id="sm-dc9">
         <name>vTaskPlaceOnEventList</name>
         <value>0x1ad0</value>
         <object_component_ref idref="oc-193"/>
      </symbol>
      <symbol id="sm-dca">
         <name>pvTaskGetThreadLocalStoragePointer</name>
         <value>0x1ff8</value>
         <object_component_ref idref="oc-193"/>
      </symbol>
      <symbol id="sm-dcb">
         <name>uxTaskPriorityGetFromISR</name>
         <value>0x9d8</value>
         <object_component_ref idref="oc-193"/>
      </symbol>
      <symbol id="sm-dcc">
         <name>ulTaskNotifyTake</name>
         <value>0x2390</value>
         <object_component_ref idref="oc-193"/>
      </symbol>
      <symbol id="sm-dcd">
         <name>pcTaskGetName</name>
         <value>0x1354</value>
         <object_component_ref idref="oc-193"/>
      </symbol>
      <symbol id="sm-dce">
         <name>xTaskCheckForTimeOut</name>
         <value>0x1dd0</value>
         <object_component_ref idref="oc-193"/>
      </symbol>
      <symbol id="sm-dcf">
         <name>xTaskRemoveFromUnorderedEventList</name>
         <value>0x1c88</value>
         <object_component_ref idref="oc-193"/>
      </symbol>
      <symbol id="sm-dd0">
         <name>vTaskPrioritySet</name>
         <value>0xa20</value>
         <object_component_ref idref="oc-193"/>
      </symbol>
      <symbol id="sm-dd1">
         <name>vTaskAllocateMPURegions</name>
         <value>0x2064</value>
         <object_component_ref idref="oc-193"/>
      </symbol>
      <symbol id="sm-dd2">
         <name>xTaskAbortDelay</name>
         <value>0x16c8</value>
         <object_component_ref idref="oc-193"/>
      </symbol>
      <symbol id="sm-dd3">
         <name>vTaskStartScheduler</name>
         <value>0xfec</value>
         <object_component_ref idref="oc-193"/>
      </symbol>
      <symbol id="sm-dd4">
         <name>xTaskNotifyStateClear</name>
         <value>0x17280</value>
         <object_component_ref idref="oc-309"/>
      </symbol>
      <symbol id="sm-dd5">
         <name>uxTaskGetStackHighWaterMark</name>
         <value>0x223c</value>
         <object_component_ref idref="oc-193"/>
      </symbol>
      <symbol id="sm-dd6">
         <name>vTaskSetThreadLocalStoragePointer</name>
         <value>0x1f94</value>
         <object_component_ref idref="oc-193"/>
      </symbol>
      <symbol id="sm-dd7">
         <name>xTaskGenericNotify</name>
         <value>0x2580</value>
         <object_component_ref idref="oc-193"/>
      </symbol>
      <symbol id="sm-dd8">
         <name>xTaskCreate</name>
         <value>0xfc</value>
         <object_component_ref idref="oc-193"/>
      </symbol>
      <symbol id="sm-dd9">
         <name>vTaskDelayUntil</name>
         <value>0x6a0</value>
         <object_component_ref idref="oc-193"/>
      </symbol>
      <symbol id="sm-dda">
         <name>vTaskEndScheduler</name>
         <value>0x1084</value>
         <object_component_ref idref="oc-193"/>
      </symbol>
      <symbol id="sm-ddb">
         <name>xTaskNotifyWait</name>
         <value>0x2468</value>
         <object_component_ref idref="oc-193"/>
      </symbol>
      <symbol id="sm-ddc">
         <name>vTaskMissedYield</name>
         <value>0x1f08</value>
         <object_component_ref idref="oc-193"/>
      </symbol>
      <symbol id="sm-ddd">
         <name>uxTaskGetNumberOfTasks</name>
         <value>0x1348</value>
         <object_component_ref idref="oc-193"/>
      </symbol>
      <symbol id="sm-dde">
         <name>xTaskGenericNotifyFromISR</name>
         <value>0x2754</value>
         <object_component_ref idref="oc-193"/>
      </symbol>
      <symbol id="sm-ddf">
         <name>uxTaskPriorityGet</name>
         <value>0x994</value>
         <object_component_ref idref="oc-193"/>
      </symbol>
      <symbol id="sm-de0">
         <name>vTaskStepTick</name>
         <value>0x166c</value>
         <object_component_ref idref="oc-193"/>
      </symbol>
      <symbol id="sm-de1">
         <name>xTaskResumeAll</name>
         <value>0x1158</value>
         <object_component_ref idref="oc-193"/>
      </symbol>
      <symbol id="sm-de2">
         <name>xTaskGetHandle</name>
         <value>0x152c</value>
         <object_component_ref idref="oc-193"/>
      </symbol>
      <symbol id="sm-de3">
         <name>xTaskGetTickCount</name>
         <value>0x1308</value>
         <object_component_ref idref="oc-193"/>
      </symbol>
      <symbol id="sm-de4">
         <name>vTaskDelete</name>
         <value>0x538</value>
         <object_component_ref idref="oc-193"/>
      </symbol>
      <symbol id="sm-de5">
         <name>pxCurrentTCB</name>
         <value>0x80008d0</value>
         <object_component_ref idref="oc-1d0"/>
      </symbol>
      <symbol id="sm-de6">
         <name>vTaskNotifyGiveFromISR</name>
         <value>0x2954</value>
         <object_component_ref idref="oc-193"/>
      </symbol>
      <symbol id="sm-de7">
         <name>eTaskGetState</name>
         <value>0x890</value>
         <object_component_ref idref="oc-193"/>
      </symbol>
      <symbol id="sm-de8">
         <name>vTaskSuspend</name>
         <value>0xc18</value>
         <object_component_ref idref="oc-193"/>
      </symbol>
      <symbol id="sm-de9">
         <name>xTaskGetIdleTaskHandle</name>
         <value>0x1634</value>
         <object_component_ref idref="oc-193"/>
      </symbol>
      <symbol id="sm-dea">
         <name>xTaskGetTickCountFromISR</name>
         <value>0x1324</value>
         <object_component_ref idref="oc-193"/>
      </symbol>
      <symbol id="sm-deb">
         <name>vTaskResume</name>
         <value>0xe20</value>
         <object_component_ref idref="oc-193"/>
      </symbol>
      <symbol id="sm-dec">
         <name>vTaskSetTimeOutState</name>
         <value>0x1d90</value>
         <object_component_ref idref="oc-193"/>
      </symbol>
      <symbol id="sm-ded">
         <name>xTaskIncrementTick</name>
         <value>0x17c8</value>
         <object_component_ref idref="oc-193"/>
      </symbol>
      <symbol id="sm-dee">
         <name>vTaskSwitchContext</name>
         <value>0x19f0</value>
         <object_component_ref idref="oc-193"/>
      </symbol>
      <symbol id="sm-def">
         <name>uxTaskResetEventItemValue</name>
         <value>0x2354</value>
         <object_component_ref idref="oc-193"/>
      </symbol>
      <symbol id="sm-df0">
         <name>xTaskGetSchedulerState</name>
         <value>0x2304</value>
         <object_component_ref idref="oc-193"/>
      </symbol>
      <symbol id="sm-df1">
         <name>xTaskResumeFromISR</name>
         <value>0xf04</value>
         <object_component_ref idref="oc-193"/>
      </symbol>
      <symbol id="sm-df2">
         <name>vTaskPlaceOnUnorderedEventList</name>
         <value>0x1b14</value>
         <object_component_ref idref="oc-193"/>
      </symbol>
      <symbol id="sm-df3">
         <name>xTaskRemoveFromEventList</name>
         <value>0x1b98</value>
         <object_component_ref idref="oc-193"/>
      </symbol>
      <symbol id="sm-df4">
         <name>eTaskConfirmSleepModeStatus</name>
         <value>0x1f18</value>
         <object_component_ref idref="oc-193"/>
      </symbol>
      <symbol id="sm-e2a">
         <name>asinl</name>
         <value>0x16218</value>
         <object_component_ref idref="oc-143"/>
      </symbol>
      <symbol id="sm-e2b">
         <name>asin</name>
         <value>0x16218</value>
         <object_component_ref idref="oc-143"/>
      </symbol>
      <symbol id="sm-ea0">
         <name>pow</name>
         <value>0x13604</value>
         <object_component_ref idref="oc-137"/>
      </symbol>
      <symbol id="sm-ea1">
         <name>powl</name>
         <value>0x13604</value>
         <object_component_ref idref="oc-137"/>
      </symbol>
      <symbol id="sm-eb1">
         <name>sqrtl</name>
         <value>0x184c4</value>
         <object_component_ref idref="oc-13d"/>
      </symbol>
      <symbol id="sm-eb2">
         <name>sqrt</name>
         <value>0x184c4</value>
         <object_component_ref idref="oc-13d"/>
      </symbol>
      <symbol id="sm-ecc">
         <name>floorl</name>
         <value>0x1759c</value>
         <object_component_ref idref="oc-274"/>
      </symbol>
      <symbol id="sm-ecd">
         <name>floor</name>
         <value>0x1759c</value>
         <object_component_ref idref="oc-274"/>
      </symbol>
      <symbol id="sm-ef1">
         <name>scalbn</name>
         <value>0x17814</value>
         <object_component_ref idref="oc-2a4"/>
      </symbol>
      <symbol id="sm-ef2">
         <name>scalbnl</name>
         <value>0x17814</value>
         <object_component_ref idref="oc-2a4"/>
      </symbol>
      <symbol id="sm-ef3">
         <name>ldexpl</name>
         <value>0x17814</value>
         <object_component_ref idref="oc-2a4"/>
      </symbol>
      <symbol id="sm-ef4">
         <name>ldexp</name>
         <value>0x17814</value>
         <object_component_ref idref="oc-2a4"/>
      </symbol>
      <symbol id="sm-f36">
         <name>sin</name>
         <value>0x14cd0</value>
         <object_component_ref idref="oc-131"/>
      </symbol>
      <symbol id="sm-f37">
         <name>sinl</name>
         <value>0x14cd0</value>
         <object_component_ref idref="oc-131"/>
      </symbol>
      <symbol id="sm-f43">
         <name>__aeabi_idivmod</name>
         <value>0x18420</value>
         <object_component_ref idref="oc-12c"/>
      </symbol>
      <symbol id="sm-f44">
         <name>__aeabi_idiv</name>
         <value>0x18420</value>
         <object_component_ref idref="oc-12c"/>
      </symbol>
      <symbol id="sm-f5d">
         <name>memcpy</name>
         <value>0x16ea0</value>
         <object_component_ref idref="oc-52"/>
      </symbol>
      <symbol id="sm-f5e">
         <name>__aeabi_memcpy</name>
         <value>0x16ea0</value>
         <object_component_ref idref="oc-52"/>
      </symbol>
      <symbol id="sm-f5f">
         <name>__aeabi_memcpy8</name>
         <value>0x16ea0</value>
         <object_component_ref idref="oc-52"/>
      </symbol>
      <symbol id="sm-f60">
         <name>__aeabi_memcpy4</name>
         <value>0x16ea0</value>
         <object_component_ref idref="oc-52"/>
      </symbol>
      <symbol id="sm-f6f">
         <name>__aeabi_memset</name>
         <value>0x17e04</value>
         <object_component_ref idref="oc-c1"/>
      </symbol>
      <symbol id="sm-f70">
         <name>memset</name>
         <value>0x17e10</value>
         <object_component_ref idref="oc-c1"/>
      </symbol>
      <symbol id="sm-f71">
         <name>__aeabi_memset8</name>
         <value>0x17e04</value>
         <object_component_ref idref="oc-c1"/>
      </symbol>
      <symbol id="sm-f72">
         <name>__aeabi_memset4</name>
         <value>0x17e04</value>
         <object_component_ref idref="oc-c1"/>
      </symbol>
      <symbol id="sm-f73">
         <name>__aeabi_memclr8</name>
         <value>0x17e00</value>
         <object_component_ref idref="oc-c1"/>
      </symbol>
      <symbol id="sm-f74">
         <name>__aeabi_memclr4</name>
         <value>0x17e00</value>
         <object_component_ref idref="oc-c1"/>
      </symbol>
      <symbol id="sm-f75">
         <name>__aeabi_memclr</name>
         <value>0x17e00</value>
         <object_component_ref idref="oc-c1"/>
      </symbol>
      <symbol id="sm-f9d">
         <name>__TI_auto_init_nobinit_nopinit</name>
         <value>0x18248</value>
         <object_component_ref idref="oc-e4"/>
      </symbol>
      <symbol id="sm-fb0">
         <name>__TI_zero_init</name>
         <value>0x18608</value>
         <object_component_ref idref="oc-64"/>
      </symbol>
      <symbol id="sm-fc7">
         <name>__TI_decompress_none</name>
         <value>0x185f4</value>
         <object_component_ref idref="oc-14"/>
      </symbol>
      <symbol id="sm-fea">
         <name>__TI_decompress_lzss</name>
         <value>0x17f48</value>
         <object_component_ref idref="oc-e"/>
      </symbol>
      <symbol id="sm-ff5">
         <name>C$$EXIT</name>
         <value>0x18624</value>
         <object_component_ref idref="oc-1c4"/>
      </symbol>
      <symbol id="sm-ff6">
         <name>abort</name>
         <value>0x18624</value>
         <object_component_ref idref="oc-1c4"/>
      </symbol>
      <symbol id="sm-100b">
         <name>_nop</name>
         <value>0x1862c</value>
         <object_component_ref idref="oc-406"/>
      </symbol>
      <symbol id="sm-100c">
         <name>_lock</name>
         <value>0x8003388</value>
         <object_component_ref idref="oc-2c5"/>
      </symbol>
      <symbol id="sm-100d">
         <name>_unlock</name>
         <value>0x800338c</value>
         <object_component_ref idref="oc-2c5"/>
      </symbol>
      <symbol id="sm-103a">
         <name>sprintf</name>
         <value>0x18314</value>
         <object_component_ref idref="oc-11a"/>
      </symbol>
      <symbol id="sm-1048">
         <name>strlen</name>
         <value>0x185a4</value>
         <object_component_ref idref="oc-120"/>
      </symbol>
      <symbol id="sm-105b">
         <name>HOSTclock</name>
         <value>0x181dc</value>
         <object_component_ref idref="oc-149"/>
      </symbol>
      <symbol id="sm-1061">
         <name>parmbuf</name>
         <value>0x80031d8</value>
      </symbol>
      <symbol id="sm-1084">
         <name>__TI_readmsg</name>
         <value>0x18378</value>
         <object_component_ref idref="oc-2bf"/>
      </symbol>
      <symbol id="sm-1085">
         <name>C$$IO$$</name>
         <value>0x18414</value>
         <object_component_ref idref="oc-2b9"/>
      </symbol>
      <symbol id="sm-1086">
         <name>__CIOBUF_</name>
         <value>0x8003000</value>
         <object_component_ref idref="oc-400"/>
      </symbol>
      <symbol id="sm-1087">
         <name>__TI_writemsg</name>
         <value>0x183cc</value>
         <object_component_ref idref="oc-2b9"/>
      </symbol>
      <symbol id="sm-109d">
         <name>__aeabi_errno_addr</name>
         <value>0x18618</value>
         <object_component_ref idref="oc-29e"/>
      </symbol>
      <symbol id="sm-109e">
         <name>errno</name>
         <value>0x8003398</value>
         <object_component_ref idref="oc-3e7"/>
      </symbol>
      <symbol id="sm-10a8">
         <name>copysign</name>
         <value>0x185c4</value>
         <object_component_ref idref="oc-3ec"/>
      </symbol>
      <symbol id="sm-10a9">
         <name>copysignl</name>
         <value>0x185c4</value>
         <object_component_ref idref="oc-3ec"/>
      </symbol>
      <symbol id="sm-110f">
         <name>__kernel_rem_pio2</name>
         <value>0x13dc4</value>
         <object_component_ref idref="oc-28b"/>
      </symbol>
      <symbol id="sm-1120">
         <name>__kernel_cos</name>
         <value>0x17b14</value>
         <object_component_ref idref="oc-291"/>
      </symbol>
      <symbol id="sm-1135">
         <name>__kernel_sin</name>
         <value>0x17c98</value>
         <object_component_ref idref="oc-285"/>
      </symbol>
      <symbol id="sm-113f">
         <name>__aeabi_idiv0</name>
         <value>0x18634</value>
         <object_component_ref idref="oc-27f"/>
      </symbol>
      <symbol id="sm-1140">
         <name>__aeabi_ldiv0</name>
         <value>0x18634</value>
         <object_component_ref idref="oc-27f"/>
      </symbol>
      <symbol id="sm-1285">
         <name>__TI_printfi</name>
         <value>0xea08</value>
         <object_component_ref idref="oc-259"/>
      </symbol>
      <symbol id="sm-1298">
         <name>atoi</name>
         <value>0x18064</value>
         <object_component_ref idref="oc-37a"/>
      </symbol>
      <symbol id="sm-12a3">
         <name>_ctypes_</name>
         <value>0x18948</value>
         <object_component_ref idref="oc-45f"/>
      </symbol>
      <symbol id="sm-12b1">
         <name>ltoa</name>
         <value>0x180e8</value>
         <object_component_ref idref="oc-46f"/>
      </symbol>
      <symbol id="sm-12c0">
         <name>memccpy</name>
         <value>0x1852c</value>
         <object_component_ref idref="oc-39e"/>
      </symbol>
      <symbol id="sm-12ce">
         <name>strchr</name>
         <value>0x18558</value>
         <object_component_ref idref="oc-496"/>
      </symbol>
      <symbol id="sm-12e1">
         <name>frexpl</name>
         <value>0x17fd8</value>
         <object_component_ref idref="oc-490"/>
      </symbol>
      <symbol id="sm-12e2">
         <name>frexp</name>
         <value>0x17fd8</value>
         <object_component_ref idref="oc-490"/>
      </symbol>
      <symbol id="sm-12fa">
         <name>wcslen</name>
         <value>0x18580</value>
         <object_component_ref idref="oc-3a4"/>
      </symbol>
      <symbol id="sm-1306">
         <name>__aeabi_uidivmod</name>
         <value>0x18474</value>
         <object_component_ref idref="oc-469"/>
      </symbol>
      <symbol id="sm-1307">
         <name>__aeabi_uidiv</name>
         <value>0x18474</value>
         <object_component_ref idref="oc-469"/>
      </symbol>
      <symbol id="sm-1323">
         <name>__aeabi_uldivmod</name>
         <value>0x164f0</value>
         <object_component_ref idref="oc-464"/>
      </symbol>
      <symbol id="sm-1324">
         <name>__TI_static_base__</name>
         <value>0x0</value>
      </symbol>
      <symbol id="sm-1328">
         <name>SHT$$INIT_ARRAY$$Base</name>
         <value>0x0</value>
      </symbol>
      <symbol id="sm-1329">
         <name>SHT$$INIT_ARRAY$$Limit</name>
         <value>0x0</value>
      </symbol>
      <symbol id="sm-132a">
         <name>_system_post_cinit</name>
         <value>0x0</value>
      </symbol>
      <symbol id="sm-132b">
         <name>clock</name>
         <value>0x181dc</value>
      </symbol>
   </symbol_table>
   <title>Link successful</title>
</link_info>
